MPLINK 5.00, LINKER
Linker Map File - Created Wed Jul 30 14:27:04 2014

                                 Section Info
                  Section       Type    Address   Location Size(Bytes)
                ---------  ---------  ---------  ---------  ---------
               _entry_scn       code   0x000000    program   0x000006
                   .cinit    romdata   0x000006    program   0x000032
           .code_eeprom.o       code   0x000038    program   0x0006a4
             .code_uart.o       code   0x0006dc    program   0x0001d2
             .code_i2c_.o       code   0x0008ae    program   0x000134
            .code_delay.o       code   0x0009e2    program   0x000120
         .code_i2c_eerr.o       code   0x000b02    program   0x0000e4
               _cinit_scn       code   0x000be6    program   0x00009e
         .code_i2c_eebw.o       code   0x000c84    program   0x00009a
            .code_uopen.o       code   0x000d1e    program   0x00008a
         .code_i2c_eeap.o       code   0x000da8    program   0x000084
         .code_i2c_writ.o       code   0x000e2c    program   0x000072
            .code_ugets.o       code   0x000e9e    program   0x00005e
            .code_uputs.o       code   0x000efc    program   0x00004c
            .code_uread.o       code   0x000f48    program   0x00003e
         .code_i2c_open.o       code   0x000f86    program   0x000036
             D10KTCYXCODE       code   0x000fbc    program   0x00002e
           .code_uwrite.o       code   0x000fea    program   0x00002e
             .code_main.o       code   0x001018    program   0x000024
              D1KTCYXCODE       code   0x00103c    program   0x000020
                    .code       code   0x00105c    program   0x000020
             _startup_scn       code   0x00107c    program   0x00001c
         .code_i2c_read.o       code   0x001098    program   0x00001a
              D10TCYXCODE       code   0x0010b2    program   0x000016
         .code_i2c_idle.o       code   0x0010c8    program   0x00000e
         .code_i2c_clos.o       code   0x0010d6    program   0x000004
           .code___init.o       code   0x0010da    program   0x000002
                idata_7_i    romdata   0x0010dc    program   0x00002e
                idata_6_i    romdata   0x00110a    program   0x000058
                idata_1_i    romdata   0x001162    program   0x0000a5
         .idata_uopen.o_i    romdata   0x001207    program   0x000000
         .romdata_uopen.o    romdata   0x001207    program   0x000000
      .romdata_i2c_open.o    romdata   0x001207    program   0x000000
         .romdata_c018i.o    romdata   0x001207    program   0x000000
      .romdata_i2c_read.o    romdata   0x001207    program   0x000000
      .romdata_i2c_idle.o    romdata   0x001207    program   0x000000
      .romdata_i2c_writ.o    romdata   0x001207    program   0x000000
         .idata_uread.o_i    romdata   0x001207    program   0x000000
         .romdata_uread.o    romdata   0x001207    program   0x000000
         .idata_udefs.o_i    romdata   0x001207    program   0x000000
      .romdata_i2c_eerr.o    romdata   0x001207    program   0x000000
        .idata_uwrite.o_i    romdata   0x001207    program   0x000000
         .romdata_udefs.o    romdata   0x001207    program   0x000000
        .romdata_eeprom.o    romdata   0x001207    program   0x000000
             .stringtable    romdata   0x001207    program   0x000000
          .romdata_i2c_.o    romdata   0x001207    program   0x000000
          .idata_main.o_i    romdata   0x001207    program   0x000001
          .romdata_main.o    romdata   0x001207    program   0x000000
         .romdata_uputs.o    romdata   0x001207    program   0x000000
         .idata_uputs.o_i    romdata   0x001207    program   0x000000
         .romdata_ugets.o    romdata   0x001207    program   0x000000
         .idata_ugets.o_i    romdata   0x001207    program   0x000000
          .idata_uart.o_i    romdata   0x001207    program   0x000000
          .romdata_uart.o    romdata   0x001207    program   0x000000
         .romdata_delay.o    romdata   0x001207    program   0x000000
        .romdata___init.o    romdata   0x001207    program   0x000000
      .romdata_i2c_clos.o    romdata   0x001207    program   0x000000
      .romdata_i2c_eeap.o    romdata   0x001207    program   0x000000
        .romdata_uwrite.o    romdata   0x001207    program   0x000000
      .romdata_i2c_eebw.o    romdata   0x001207    program   0x000000
      .idata_i2c_writ.o_i    romdata   0x001208    program   0x000000
            .code_udefs.o       code   0x001208    program   0x000000
        .idata___init.o_i    romdata   0x001208    program   0x000000
         .idata_c018i.o_i    romdata   0x001208    program   0x000000
          .idata_i2c_.o_i    romdata   0x001208    program   0x000000
        .idata_eeprom.o_i    romdata   0x001208    program   0x000000
      .idata_i2c_clos.o_i    romdata   0x001208    program   0x000000
      .idata_i2c_eeap.o_i    romdata   0x001208    program   0x000000
         .idata_delay.o_i    romdata   0x001208    program   0x000000
      .idata_i2c_eebw.o_i    romdata   0x001208    program   0x000000
      .idata_i2c_eerr.o_i    romdata   0x001208    program   0x000000
            .code_c018i.o       code   0x001208    program   0x000000
      .idata_i2c_idle.o_i    romdata   0x001208    program   0x000000
      .idata_i2c_open.o_i    romdata   0x001208    program   0x000000
      .idata_i2c_read.o_i    romdata   0x001208    program   0x000000
    .config_300001_main.o    romdata   0x300001    program   0x000001
    .config_300002_main.o    romdata   0x300002    program   0x000001
    .config_300003_main.o    romdata   0x300003    program   0x000001
    .config_300005_main.o    romdata   0x300005    program   0x000001
    .config_300006_main.o    romdata   0x300006    program   0x000001
    .config_300008_main.o    romdata   0x300008    program   0x000001
                MATH_DATA      udata   0x000000       data   0x000002
                 .tmpdata      udata   0x000002       data   0x000002
                DELAYDAT2      udata   0x000004       data   0x000001
                DELAYDAT1      udata   0x000005       data   0x000001
                  idata_7      idata   0x000060       data   0x00002e
                   udata1      udata   0x00008e       data   0x000023
           .udata_c018i.o      udata   0x0000b1       data   0x00000a
                  idata_1      idata   0x000100       data   0x0000a5
                  idata_6      idata   0x0001a5       data   0x000058
           .udata_udefs.o      udata   0x0001fd       data   0x000001
            .idata_main.o      idata   0x0001fe       data   0x000001
        .udata_i2c_open.o      udata   0x0001ff       data   0x000000
        .idata_i2c_open.o      idata   0x0001ff       data   0x000000
           .udata_uopen.o      udata   0x0001ff       data   0x000000
           .idata_uopen.o      idata   0x0001ff       data   0x000000
        .udata_i2c_read.o      udata   0x0001ff       data   0x000000
        .idata_i2c_read.o      idata   0x0001ff       data   0x000000
           .udata_uread.o      udata   0x0001ff       data   0x000000
           .idata_uputs.o      idata   0x0001ff       data   0x000000
           .udata_uputs.o      udata   0x0001ff       data   0x000000
           .idata_uread.o      idata   0x0001ff       data   0x000000
           .idata_ugets.o      idata   0x0001ff       data   0x000000
           .idata_udefs.o      idata   0x0001ff       data   0x000000
        .udata_i2c_writ.o      udata   0x0001ff       data   0x000000
        .idata_i2c_writ.o      idata   0x0001ff       data   0x000000
           .udata_ugets.o      udata   0x0001ff       data   0x000000
          .udata_uwrite.o      udata   0x0001ff       data   0x000000
          .idata_uwrite.o      idata   0x0001ff       data   0x000000
          .udata___init.o      udata   0x0001ff       data   0x000000
          .idata___init.o      idata   0x0001ff       data   0x000000
           .idata_c018i.o      idata   0x0001ff       data   0x000000
           .udata_delay.o      udata   0x0001ff       data   0x000000
           .idata_delay.o      idata   0x0001ff       data   0x000000
          .udata_eeprom.o      udata   0x0001ff       data   0x000000
          .idata_eeprom.o      idata   0x0001ff       data   0x000000
            .udata_i2c_.o      udata   0x0001ff       data   0x000000
            .idata_i2c_.o      idata   0x0001ff       data   0x000000
            .udata_main.o      udata   0x0001ff       data   0x000000
            .udata_uart.o      udata   0x0001ff       data   0x000000
            .idata_uart.o      idata   0x0001ff       data   0x000000
        .udata_i2c_clos.o      udata   0x0001ff       data   0x000000
        .idata_i2c_clos.o      idata   0x0001ff       data   0x000000
        .udata_i2c_eeap.o      udata   0x0001ff       data   0x000000
        .idata_i2c_eeap.o      idata   0x0001ff       data   0x000000
        .udata_i2c_eebw.o      udata   0x0001ff       data   0x000000
        .idata_i2c_eebw.o      idata   0x0001ff       data   0x000000
        .udata_i2c_eerr.o      udata   0x0001ff       data   0x000000
        .idata_i2c_eerr.o      idata   0x0001ff       data   0x000000
        .udata_i2c_idle.o      udata   0x0001ff       data   0x000000
        .idata_i2c_idle.o      idata   0x0001ff       data   0x000000
                   .stack      udata   0x000300       data   0x000100
            SFR_UNBANKED0      udata   0x000f62       data   0x00009e



                              Program Memory Usage 
                               Start         End      
                           ---------   ---------      
                            0x000000    0x001207      
                            0x300001    0x300003      
                            0x300005    0x300006      
                            0x300008    0x300008      
            4622 out of 33048 program addresses used, program memory utilization is 13%



                              Symbols - Sorted by Name
                     Name    Address   Location    Storage File                     
                ---------  ---------  ---------  --------- ---------                
                Clear_str   0x000304    program     extern C:\Users\tbi\Dropbox\Sunil Kumar_shared\CODE_Examples_C18_XC8_compatable\EEPROM\Example_13.2.X\eeprom.c
                 CloseI2C   0x0010d6    program     extern E:\3.46\pic18-lt\cxx-framework\src\pmc_common\i2c\i2c_clos.c
              ConfigUSART   0x0006dc    program     extern C:\Users\tbi\Dropbox\Sunil Kumar_shared\CODE_Examples_C18_XC8_compatable\EEPROM\Example_13.2.X\uart.c
                   D10K_1   0x000fc8    program     static E:\3.46\pic18-lt\cxx-framework\src\traditional\delays\d10ktcyx.asm
                    D10Kl   0x000fd4    program     static E:\3.46\pic18-lt\cxx-framework\src\traditional\delays\d10ktcyx.asm
                    D10Kx   0x000fc6    program     static E:\3.46\pic18-lt\cxx-framework\src\traditional\delays\d10ktcyx.asm
                    D10_1   0x0010c2    program     static E:\3.46\pic18-lt\cxx-framework\src\traditional\delays\d10tcyx.asm
                     D10x   0x0010ba    program     static E:\3.46\pic18-lt\cxx-framework\src\traditional\delays\d10tcyx.asm
                    D1K_1   0x001048    program     static E:\3.46\pic18-lt\cxx-framework\src\traditional\delays\d1ktcyx.asm
                     D1Kx   0x001046    program     static E:\3.46\pic18-lt\cxx-framework\src\traditional\delays\d1ktcyx.asm
             Delay10KTCYx   0x000fbc    program     extern E:\3.46\pic18-lt\cxx-framework\src\traditional\delays\d10ktcyx.asm
              Delay10TCYx   0x0010b2    program     extern E:\3.46\pic18-lt\cxx-framework\src\traditional\delays\d10tcyx.asm
              Delay1KTCYx   0x00103c    program     extern E:\3.46\pic18-lt\cxx-framework\src\traditional\delays\d1ktcyx.asm
            DelayFor18TCY   0x000a92    program     extern C:\Users\tbi\Dropbox\Sunil Kumar_shared\CODE_Examples_C18_XC8_compatable\EEPROM\Example_13.2.X\delay.c
             DelayPORXLCD   0x000abc    program     extern C:\Users\tbi\Dropbox\Sunil Kumar_shared\CODE_Examples_C18_XC8_compatable\EEPROM\Example_13.2.X\delay.c
                DelayXLCD   0x000aca    program     extern C:\Users\tbi\Dropbox\Sunil Kumar_shared\CODE_Examples_C18_XC8_compatable\EEPROM\Example_13.2.X\delay.c
                  Delay_s   0x000a42    program     extern C:\Users\tbi\Dropbox\Sunil Kumar_shared\CODE_Examples_C18_XC8_compatable\EEPROM\Example_13.2.X\delay.c
                 Delay_s_   0x000af6    program     extern C:\Users\tbi\Dropbox\Sunil Kumar_shared\CODE_Examples_C18_XC8_compatable\EEPROM\Example_13.2.X\delay.c
             EEAckPolling   0x000da8    program     extern E:\3.46\pic18-lt\cxx-framework\src\pmc_common\i2c\i2c_eeap.c
              EEByteWrite   0x000c84    program     extern E:\3.46\pic18-lt\cxx-framework\src\pmc_common\i2c\i2c_eebw.c
                EEPROM_ON   0x00052e    program     extern C:\Users\tbi\Dropbox\Sunil Kumar_shared\CODE_Examples_C18_XC8_compatable\EEPROM\Example_13.2.X\eeprom.c
               EEPROM_RUN   0x00054a    program     extern C:\Users\tbi\Dropbox\Sunil Kumar_shared\CODE_Examples_C18_XC8_compatable\EEPROM\Example_13.2.X\eeprom.c
             EERandomRead   0x000b02    program     extern E:\3.46\pic18-lt\cxx-framework\src\pmc_common\i2c\i2c_eerr.c
              EraseEEPROM   0x0001ac    program     extern C:\Users\tbi\Dropbox\Sunil Kumar_shared\CODE_Examples_C18_XC8_compatable\EEPROM\Example_13.2.X\eeprom.c
                  IdleI2C   0x0010c8    program     extern E:\3.46\pic18-lt\cxx-framework\src\pmc_common\i2c\i2c_idle.c
                  NewLINE   0x000038    program     extern C:\Users\tbi\Dropbox\Sunil Kumar_shared\CODE_Examples_C18_XC8_compatable\EEPROM\Example_13.2.X\eeprom.c
                  OpenI2C   0x000f86    program     extern E:\3.46\pic18-lt\cxx-framework\src\pmc_common\i2c\i2c_open.c
                OpenUSART   0x000d1e    program     extern E:\3.46\pic18-lt\cxx-framework\src\pmc_common\USART\uopen.c
                     Read   0x0008e8    program     extern C:\Users\tbi\Dropbox\Sunil Kumar_shared\CODE_Examples_C18_XC8_compatable\EEPROM\Example_13.2.X\i2c_.c
                  ReadBUF   0x0008ae    program     extern C:\Users\tbi\Dropbox\Sunil Kumar_shared\CODE_Examples_C18_XC8_compatable\EEPROM\Example_13.2.X\i2c_.c
               ReadEEPROM   0x000142    program     extern C:\Users\tbi\Dropbox\Sunil Kumar_shared\CODE_Examples_C18_XC8_compatable\EEPROM\Example_13.2.X\eeprom.c
          ReadEEPROM_DATA   0x000350    program     extern C:\Users\tbi\Dropbox\Sunil Kumar_shared\CODE_Examples_C18_XC8_compatable\EEPROM\Example_13.2.X\eeprom.c
                  ReadI2C   0x001098    program     extern E:\3.46\pic18-lt\cxx-framework\src\pmc_common\i2c\i2c_read.c
                 ReadUART   0x000704    program     extern C:\Users\tbi\Dropbox\Sunil Kumar_shared\CODE_Examples_C18_XC8_compatable\EEPROM\Example_13.2.X\uart.c
                ReadUSART   0x000f48    program     extern E:\3.46\pic18-lt\cxx-framework\src\pmc_common\USART\uread.c
           Read_From_Addr   0x000920    program     extern C:\Users\tbi\Dropbox\Sunil Kumar_shared\CODE_Examples_C18_XC8_compatable\EEPROM\Example_13.2.X\i2c_.c
                 Read_str   0x00074e    program     extern C:\Users\tbi\Dropbox\Sunil Kumar_shared\CODE_Examples_C18_XC8_compatable\EEPROM\Example_13.2.X\uart.c
                Read_str_   0x000816    program     extern C:\Users\tbi\Dropbox\Sunil Kumar_shared\CODE_Examples_C18_XC8_compatable\EEPROM\Example_13.2.X\uart.c
              Read_string   0x00079e    program     extern C:\Users\tbi\Dropbox\Sunil Kumar_shared\CODE_Examples_C18_XC8_compatable\EEPROM\Example_13.2.X\uart.c
                   Select   0x00004a    program     extern C:\Users\tbi\Dropbox\Sunil Kumar_shared\CODE_Examples_C18_XC8_compatable\EEPROM\Example_13.2.X\eeprom.c
                    Write   0x00077e    program     extern C:\Users\tbi\Dropbox\Sunil Kumar_shared\CODE_Examples_C18_XC8_compatable\EEPROM\Example_13.2.X\uart.c
              WriteEEPROM   0x0000d0    program     extern C:\Users\tbi\Dropbox\Sunil Kumar_shared\CODE_Examples_C18_XC8_compatable\EEPROM\Example_13.2.X\eeprom.c
         WriteEEPROM_DATA   0x0003da    program     extern C:\Users\tbi\Dropbox\Sunil Kumar_shared\CODE_Examples_C18_XC8_compatable\EEPROM\Example_13.2.X\eeprom.c
                 WriteI2C   0x000e2c    program     extern E:\3.46\pic18-lt\cxx-framework\src\pmc_common\i2c\i2c_writ.c
               WriteUSART   0x000fea    program     extern E:\3.46\pic18-lt\cxx-framework\src\pmc_common\USART\uwrite.c
                Write_I2C   0x0008ca    program     extern C:\Users\tbi\Dropbox\Sunil Kumar_shared\CODE_Examples_C18_XC8_compatable\EEPROM\Example_13.2.X\i2c_.c
                Write_str   0x000726    program     extern C:\Users\tbi\Dropbox\Sunil Kumar_shared\CODE_Examples_C18_XC8_compatable\EEPROM\Example_13.2.X\uart.c
            Write_to_Addr   0x000980    program     extern C:\Users\tbi\Dropbox\Sunil Kumar_shared\CODE_Examples_C18_XC8_compatable\EEPROM\Example_13.2.X\i2c_.c
       _D10KTCYXCODE_0010   0x000fcc    program     static E:\3.46\pic18-lt\cxx-framework\src\traditional\delays\d10ktcyx.asm
       _D10KTCYXCODE_001C   0x000fd8    program     static E:\3.46\pic18-lt\cxx-framework\src\traditional\delays\d10ktcyx.asm
        _D10TCYXCODE_000A   0x0010bc    program     static E:\3.46\pic18-lt\cxx-framework\src\traditional\delays\d10tcyx.asm
        _D10TCYXCODE_000C   0x0010be    program     static E:\3.46\pic18-lt\cxx-framework\src\traditional\delays\d10tcyx.asm
        _D10TCYXCODE_000E   0x0010c0    program     static E:\3.46\pic18-lt\cxx-framework\src\traditional\delays\d10tcyx.asm
        _D1KTCYXCODE_0010   0x00104c    program     static E:\3.46\pic18-lt\cxx-framework\src\traditional\delays\d1ktcyx.asm
        _D1KTCYXCODE_0016   0x001052    program     static E:\3.46\pic18-lt\cxx-framework\src\traditional\delays\d1ktcyx.asm
       ___return_lbl00000   0x000004    program     static                          
       ___return_lbl00001   0x001096    program     static                          
       ___return_lbl00002   0x000c82    program     static                          
               __config_0   0x300001    program     static C:\Users\tbi\Dropbox\Sunil Kumar_shared\CODE_Examples_C18_XC8_compatable\EEPROM\Example_13.2.X\main.c
               __config_1   0x300002    program     static C:\Users\tbi\Dropbox\Sunil Kumar_shared\CODE_Examples_C18_XC8_compatable\EEPROM\Example_13.2.X\main.c
               __config_2   0x300003    program     static C:\Users\tbi\Dropbox\Sunil Kumar_shared\CODE_Examples_C18_XC8_compatable\EEPROM\Example_13.2.X\main.c
               __config_3   0x300005    program     static C:\Users\tbi\Dropbox\Sunil Kumar_shared\CODE_Examples_C18_XC8_compatable\EEPROM\Example_13.2.X\main.c
               __config_4   0x300006    program     static C:\Users\tbi\Dropbox\Sunil Kumar_shared\CODE_Examples_C18_XC8_compatable\EEPROM\Example_13.2.X\main.c
               __config_5   0x300008    program     static C:\Users\tbi\Dropbox\Sunil Kumar_shared\CODE_Examples_C18_XC8_compatable\EEPROM\Example_13.2.X\main.c
                   __init   0x0010da    program     extern E:\3.46\pic18-lt\cxx-framework\src\traditional\stdclib\__init.c
                   __pa_0   0x000e1c    program     static E:\3.46\pic18-lt\cxx-framework\src\pmc_common\i2c\i2c_eeap.c
                   __pa_0   0x000d10    program     static E:\3.46\pic18-lt\cxx-framework\src\pmc_common\i2c\i2c_eebw.c
                   __pa_0   0x000bd8    program     static E:\3.46\pic18-lt\cxx-framework\src\pmc_common\i2c\i2c_eerr.c
            __zero_memory   0x00105c    program     extern E:\3.46\pic18-lt\cxx-framework\src\traditional\proc\p18f4550.asm
                _do_cinit   0x000be6    program     extern E:\3.46\pic18-lt\cxx-framework\src\traditional\startup\c018i.c
                   _entry   0x000000    program     extern E:\3.46\pic18-lt\cxx-framework\src\traditional\startup\c018i.c
                 _startup   0x00107c    program     extern E:\3.46\pic18-lt\cxx-framework\src\traditional\startup\c018i.c
                compare_l   0x001072    program     static E:\3.46\pic18-lt\cxx-framework\src\traditional\proc\p18f4550.asm
                copy_loop   0x000c58    program     static                          
            copy_one_byte   0x000c5e    program     static                          
                 delay_ms   0x0009e2    program     extern C:\Users\tbi\Dropbox\Sunil Kumar_shared\CODE_Examples_C18_XC8_compatable\EEPROM\Example_13.2.X\delay.c
                 delay_us   0x000a12    program     extern C:\Users\tbi\Dropbox\Sunil Kumar_shared\CODE_Examples_C18_XC8_compatable\EEPROM\Example_13.2.X\delay.c
                     done   0x000c82    program     static                          
             done_copying   0x000c6c    program     static                          
                getsUSART   0x000e9e    program     extern E:\3.46\pic18-lt\cxx-framework\src\pmc_common\USART\ugets.c
                     loop   0x00108c    program     static                          
                   loop_h   0x00106a    program     static E:\3.46\pic18-lt\cxx-framework\src\traditional\proc\p18f4550.asm
                   loop_l   0x001074    program     static E:\3.46\pic18-lt\cxx-framework\src\traditional\proc\p18f4550.asm
                     main   0x001018    program     extern C:\Users\tbi\Dropbox\Sunil Kumar_shared\CODE_Examples_C18_XC8_compatable\EEPROM\Example_13.2.X\main.c
                putsUSART   0x000efc    program     extern E:\3.46\pic18-lt\cxx-framework\src\pmc_common\USART\uputs.c
                     test   0x000c00    program     static                          
               zero_block   0x00106a    program     static E:\3.46\pic18-lt\cxx-framework\src\traditional\proc\p18f4550.asm
                   ADCON0   0x000fc2       data     extern E:\3.46\pic18-lt\cxx-framework\src\traditional\proc\p18f4550.asm
               ADCON0bits   0x000fc2       data     extern E:\3.46\pic18-lt\cxx-framework\src\traditional\proc\p18f4550.asm
                   ADCON1   0x000fc1       data     extern E:\3.46\pic18-lt\cxx-framework\src\traditional\proc\p18f4550.asm
               ADCON1bits   0x000fc1       data     extern E:\3.46\pic18-lt\cxx-framework\src\traditional\proc\p18f4550.asm
                   ADCON2   0x000fc0       data     extern E:\3.46\pic18-lt\cxx-framework\src\traditional\proc\p18f4550.asm
               ADCON2bits   0x000fc0       data     extern E:\3.46\pic18-lt\cxx-framework\src\traditional\proc\p18f4550.asm
                    ADRES   0x000fc3       data     extern E:\3.46\pic18-lt\cxx-framework\src\traditional\proc\p18f4550.asm
                   ADRESH   0x000fc4       data     extern E:\3.46\pic18-lt\cxx-framework\src\traditional\proc\p18f4550.asm
                   ADRESL   0x000fc3       data     extern E:\3.46\pic18-lt\cxx-framework\src\traditional\proc\p18f4550.asm
                  BAUDCON   0x000fb8       data     extern E:\3.46\pic18-lt\cxx-framework\src\traditional\proc\p18f4550.asm
              BAUDCONbits   0x000fb8       data     extern E:\3.46\pic18-lt\cxx-framework\src\traditional\proc\p18f4550.asm
                  BAUDCTL   0x000fb8       data     extern E:\3.46\pic18-lt\cxx-framework\src\traditional\proc\p18f4550.asm
              BAUDCTLbits   0x000fb8       data     extern E:\3.46\pic18-lt\cxx-framework\src\traditional\proc\p18f4550.asm
                      BSR   0x000fe0       data     extern E:\3.46\pic18-lt\cxx-framework\src\traditional\proc\p18f4550.asm
                   CCP1AS   0x000fb6       data     extern E:\3.46\pic18-lt\cxx-framework\src\traditional\proc\p18f4550.asm
               CCP1ASbits   0x000fb6       data     extern E:\3.46\pic18-lt\cxx-framework\src\traditional\proc\p18f4550.asm
                  CCP1CON   0x000fbd       data     extern E:\3.46\pic18-lt\cxx-framework\src\traditional\proc\p18f4550.asm
              CCP1CONbits   0x000fbd       data     extern E:\3.46\pic18-lt\cxx-framework\src\traditional\proc\p18f4550.asm
                  CCP1DEL   0x000fb7       data     extern E:\3.46\pic18-lt\cxx-framework\src\traditional\proc\p18f4550.asm
              CCP1DELbits   0x000fb7       data     extern E:\3.46\pic18-lt\cxx-framework\src\traditional\proc\p18f4550.asm
                  CCP2CON   0x000fba       data     extern E:\3.46\pic18-lt\cxx-framework\src\traditional\proc\p18f4550.asm
              CCP2CONbits   0x000fba       data     extern E:\3.46\pic18-lt\cxx-framework\src\traditional\proc\p18f4550.asm
                    CCPR1   0x000fbe       data     extern E:\3.46\pic18-lt\cxx-framework\src\traditional\proc\p18f4550.asm
                   CCPR1H   0x000fbf       data     extern E:\3.46\pic18-lt\cxx-framework\src\traditional\proc\p18f4550.asm
                   CCPR1L   0x000fbe       data     extern E:\3.46\pic18-lt\cxx-framework\src\traditional\proc\p18f4550.asm
                    CCPR2   0x000fbb       data     extern E:\3.46\pic18-lt\cxx-framework\src\traditional\proc\p18f4550.asm
                   CCPR2H   0x000fbc       data     extern E:\3.46\pic18-lt\cxx-framework\src\traditional\proc\p18f4550.asm
                   CCPR2L   0x000fbb       data     extern E:\3.46\pic18-lt\cxx-framework\src\traditional\proc\p18f4550.asm
                    CMCON   0x000fb4       data     extern E:\3.46\pic18-lt\cxx-framework\src\traditional\proc\p18f4550.asm
                CMCONbits   0x000fb4       data     extern E:\3.46\pic18-lt\cxx-framework\src\traditional\proc\p18f4550.asm
                   CVRCON   0x000fb5       data     extern E:\3.46\pic18-lt\cxx-framework\src\traditional\proc\p18f4550.asm
               CVRCONbits   0x000fb5       data     extern E:\3.46\pic18-lt\cxx-framework\src\traditional\proc\p18f4550.asm
                     DDRA   0x000f92       data     extern E:\3.46\pic18-lt\cxx-framework\src\traditional\proc\p18f4550.asm
                 DDRAbits   0x000f92       data     extern E:\3.46\pic18-lt\cxx-framework\src\traditional\proc\p18f4550.asm
                     DDRB   0x000f93       data     extern E:\3.46\pic18-lt\cxx-framework\src\traditional\proc\p18f4550.asm
                 DDRBbits   0x000f93       data     extern E:\3.46\pic18-lt\cxx-framework\src\traditional\proc\p18f4550.asm
                     DDRC   0x000f94       data     extern E:\3.46\pic18-lt\cxx-framework\src\traditional\proc\p18f4550.asm
                 DDRCbits   0x000f94       data     extern E:\3.46\pic18-lt\cxx-framework\src\traditional\proc\p18f4550.asm
                     DDRD   0x000f95       data     extern E:\3.46\pic18-lt\cxx-framework\src\traditional\proc\p18f4550.asm
                 DDRDbits   0x000f95       data     extern E:\3.46\pic18-lt\cxx-framework\src\traditional\proc\p18f4550.asm
                     DDRE   0x000f96       data     extern E:\3.46\pic18-lt\cxx-framework\src\traditional\proc\p18f4550.asm
                 DDREbits   0x000f96       data     extern E:\3.46\pic18-lt\cxx-framework\src\traditional\proc\p18f4550.asm
            DelayCounter1   0x000005       data     extern E:\3.46\pic18-lt\cxx-framework\src\traditional\delays\delayd1.asm
            DelayCounter2   0x000004       data     extern E:\3.46\pic18-lt\cxx-framework\src\traditional\delays\delayd2.asm
                  ECCP1AS   0x000fb6       data     extern E:\3.46\pic18-lt\cxx-framework\src\traditional\proc\p18f4550.asm
              ECCP1ASbits   0x000fb6       data     extern E:\3.46\pic18-lt\cxx-framework\src\traditional\proc\p18f4550.asm
                 ECCP1CON   0x000fbd       data     extern E:\3.46\pic18-lt\cxx-framework\src\traditional\proc\p18f4550.asm
             ECCP1CONbits   0x000fbd       data     extern E:\3.46\pic18-lt\cxx-framework\src\traditional\proc\p18f4550.asm
                 ECCP1DEL   0x000fb7       data     extern E:\3.46\pic18-lt\cxx-framework\src\traditional\proc\p18f4550.asm
             ECCP1DELbits   0x000fb7       data     extern E:\3.46\pic18-lt\cxx-framework\src\traditional\proc\p18f4550.asm
                    EEADR   0x000fa9       data     extern E:\3.46\pic18-lt\cxx-framework\src\traditional\proc\p18f4550.asm
                   EECON1   0x000fa6       data     extern E:\3.46\pic18-lt\cxx-framework\src\traditional\proc\p18f4550.asm
               EECON1bits   0x000fa6       data     extern E:\3.46\pic18-lt\cxx-framework\src\traditional\proc\p18f4550.asm
                   EECON2   0x000fa7       data     extern E:\3.46\pic18-lt\cxx-framework\src\traditional\proc\p18f4550.asm
                   EEDATA   0x000fa8       data     extern E:\3.46\pic18-lt\cxx-framework\src\traditional\proc\p18f4550.asm
                     FSR0   0x000fe9       data     extern E:\3.46\pic18-lt\cxx-framework\src\traditional\proc\p18f4550.asm
                    FSR0H   0x000fea       data     extern E:\3.46\pic18-lt\cxx-framework\src\traditional\proc\p18f4550.asm
                    FSR0L   0x000fe9       data     extern E:\3.46\pic18-lt\cxx-framework\src\traditional\proc\p18f4550.asm
                     FSR1   0x000fe1       data     extern E:\3.46\pic18-lt\cxx-framework\src\traditional\proc\p18f4550.asm
                    FSR1H   0x000fe2       data     extern E:\3.46\pic18-lt\cxx-framework\src\traditional\proc\p18f4550.asm
                    FSR1L   0x000fe1       data     extern E:\3.46\pic18-lt\cxx-framework\src\traditional\proc\p18f4550.asm
                     FSR2   0x000fd9       data     extern E:\3.46\pic18-lt\cxx-framework\src\traditional\proc\p18f4550.asm
                    FSR2H   0x000fda       data     extern E:\3.46\pic18-lt\cxx-framework\src\traditional\proc\p18f4550.asm
                    FSR2L   0x000fd9       data     extern E:\3.46\pic18-lt\cxx-framework\src\traditional\proc\p18f4550.asm
                  HLVDCON   0x000fd2       data     extern E:\3.46\pic18-lt\cxx-framework\src\traditional\proc\p18f4550.asm
              HLVDCONbits   0x000fd2       data     extern E:\3.46\pic18-lt\cxx-framework\src\traditional\proc\p18f4550.asm
                    INDF0   0x000fef       data     extern E:\3.46\pic18-lt\cxx-framework\src\traditional\proc\p18f4550.asm
                    INDF1   0x000fe7       data     extern E:\3.46\pic18-lt\cxx-framework\src\traditional\proc\p18f4550.asm
                    INDF2   0x000fdf       data     extern E:\3.46\pic18-lt\cxx-framework\src\traditional\proc\p18f4550.asm
                   INTCON   0x000ff2       data     extern E:\3.46\pic18-lt\cxx-framework\src\traditional\proc\p18f4550.asm
                  INTCON2   0x000ff1       data     extern E:\3.46\pic18-lt\cxx-framework\src\traditional\proc\p18f4550.asm
              INTCON2bits   0x000ff1       data     extern E:\3.46\pic18-lt\cxx-framework\src\traditional\proc\p18f4550.asm
                  INTCON3   0x000ff0       data     extern E:\3.46\pic18-lt\cxx-framework\src\traditional\proc\p18f4550.asm
              INTCON3bits   0x000ff0       data     extern E:\3.46\pic18-lt\cxx-framework\src\traditional\proc\p18f4550.asm
               INTCONbits   0x000ff2       data     extern E:\3.46\pic18-lt\cxx-framework\src\traditional\proc\p18f4550.asm
                     IPR1   0x000f9f       data     extern E:\3.46\pic18-lt\cxx-framework\src\traditional\proc\p18f4550.asm
                 IPR1bits   0x000f9f       data     extern E:\3.46\pic18-lt\cxx-framework\src\traditional\proc\p18f4550.asm
                     IPR2   0x000fa2       data     extern E:\3.46\pic18-lt\cxx-framework\src\traditional\proc\p18f4550.asm
                 IPR2bits   0x000fa2       data     extern E:\3.46\pic18-lt\cxx-framework\src\traditional\proc\p18f4550.asm
                     LATA   0x000f89       data     extern E:\3.46\pic18-lt\cxx-framework\src\traditional\proc\p18f4550.asm
                 LATAbits   0x000f89       data     extern E:\3.46\pic18-lt\cxx-framework\src\traditional\proc\p18f4550.asm
                     LATB   0x000f8a       data     extern E:\3.46\pic18-lt\cxx-framework\src\traditional\proc\p18f4550.asm
                 LATBbits   0x000f8a       data     extern E:\3.46\pic18-lt\cxx-framework\src\traditional\proc\p18f4550.asm
                     LATC   0x000f8b       data     extern E:\3.46\pic18-lt\cxx-framework\src\traditional\proc\p18f4550.asm
                 LATCbits   0x000f8b       data     extern E:\3.46\pic18-lt\cxx-framework\src\traditional\proc\p18f4550.asm
                     LATD   0x000f8c       data     extern E:\3.46\pic18-lt\cxx-framework\src\traditional\proc\p18f4550.asm
                 LATDbits   0x000f8c       data     extern E:\3.46\pic18-lt\cxx-framework\src\traditional\proc\p18f4550.asm
                     LATE   0x000f8d       data     extern E:\3.46\pic18-lt\cxx-framework\src\traditional\proc\p18f4550.asm
                 LATEbits   0x000f8d       data     extern E:\3.46\pic18-lt\cxx-framework\src\traditional\proc\p18f4550.asm
                   LVDCON   0x000fd2       data     extern E:\3.46\pic18-lt\cxx-framework\src\traditional\proc\p18f4550.asm
               LVDCONbits   0x000fd2       data     extern E:\3.46\pic18-lt\cxx-framework\src\traditional\proc\p18f4550.asm
                   OSCCON   0x000fd3       data     extern E:\3.46\pic18-lt\cxx-framework\src\traditional\proc\p18f4550.asm
               OSCCONbits   0x000fd3       data     extern E:\3.46\pic18-lt\cxx-framework\src\traditional\proc\p18f4550.asm
                  OSCTUNE   0x000f9b       data     extern E:\3.46\pic18-lt\cxx-framework\src\traditional\proc\p18f4550.asm
              OSCTUNEbits   0x000f9b       data     extern E:\3.46\pic18-lt\cxx-framework\src\traditional\proc\p18f4550.asm
                       PC   0x000ff9       data     extern E:\3.46\pic18-lt\cxx-framework\src\traditional\proc\p18f4550.asm
                      PCL   0x000ff9       data     extern E:\3.46\pic18-lt\cxx-framework\src\traditional\proc\p18f4550.asm
                   PCLATH   0x000ffa       data     extern E:\3.46\pic18-lt\cxx-framework\src\traditional\proc\p18f4550.asm
                   PCLATU   0x000ffb       data     extern E:\3.46\pic18-lt\cxx-framework\src\traditional\proc\p18f4550.asm
                     PIE1   0x000f9d       data     extern E:\3.46\pic18-lt\cxx-framework\src\traditional\proc\p18f4550.asm
                 PIE1bits   0x000f9d       data     extern E:\3.46\pic18-lt\cxx-framework\src\traditional\proc\p18f4550.asm
                     PIE2   0x000fa0       data     extern E:\3.46\pic18-lt\cxx-framework\src\traditional\proc\p18f4550.asm
                 PIE2bits   0x000fa0       data     extern E:\3.46\pic18-lt\cxx-framework\src\traditional\proc\p18f4550.asm
                     PIR1   0x000f9e       data     extern E:\3.46\pic18-lt\cxx-framework\src\traditional\proc\p18f4550.asm
                 PIR1bits   0x000f9e       data     extern E:\3.46\pic18-lt\cxx-framework\src\traditional\proc\p18f4550.asm
                     PIR2   0x000fa1       data     extern E:\3.46\pic18-lt\cxx-framework\src\traditional\proc\p18f4550.asm
                 PIR2bits   0x000fa1       data     extern E:\3.46\pic18-lt\cxx-framework\src\traditional\proc\p18f4550.asm
                   PLUSW0   0x000feb       data     extern E:\3.46\pic18-lt\cxx-framework\src\traditional\proc\p18f4550.asm
                   PLUSW1   0x000fe3       data     extern E:\3.46\pic18-lt\cxx-framework\src\traditional\proc\p18f4550.asm
                   PLUSW2   0x000fdb       data     extern E:\3.46\pic18-lt\cxx-framework\src\traditional\proc\p18f4550.asm
                    PORTA   0x000f80       data     extern E:\3.46\pic18-lt\cxx-framework\src\traditional\proc\p18f4550.asm
                PORTAbits   0x000f80       data     extern E:\3.46\pic18-lt\cxx-framework\src\traditional\proc\p18f4550.asm
                    PORTB   0x000f81       data     extern E:\3.46\pic18-lt\cxx-framework\src\traditional\proc\p18f4550.asm
                PORTBbits   0x000f81       data     extern E:\3.46\pic18-lt\cxx-framework\src\traditional\proc\p18f4550.asm
                    PORTC   0x000f82       data     extern E:\3.46\pic18-lt\cxx-framework\src\traditional\proc\p18f4550.asm
                PORTCbits   0x000f82       data     extern E:\3.46\pic18-lt\cxx-framework\src\traditional\proc\p18f4550.asm
                    PORTD   0x000f83       data     extern E:\3.46\pic18-lt\cxx-framework\src\traditional\proc\p18f4550.asm
                PORTDbits   0x000f83       data     extern E:\3.46\pic18-lt\cxx-framework\src\traditional\proc\p18f4550.asm
                    PORTE   0x000f84       data     extern E:\3.46\pic18-lt\cxx-framework\src\traditional\proc\p18f4550.asm
                PORTEbits   0x000f84       data     extern E:\3.46\pic18-lt\cxx-framework\src\traditional\proc\p18f4550.asm
                 POSTDEC0   0x000fed       data     extern E:\3.46\pic18-lt\cxx-framework\src\traditional\proc\p18f4550.asm
                 POSTDEC1   0x000fe5       data     extern E:\3.46\pic18-lt\cxx-framework\src\traditional\proc\p18f4550.asm
                 POSTDEC2   0x000fdd       data     extern E:\3.46\pic18-lt\cxx-framework\src\traditional\proc\p18f4550.asm
                 POSTINC0   0x000fee       data     extern E:\3.46\pic18-lt\cxx-framework\src\traditional\proc\p18f4550.asm
                 POSTINC1   0x000fe6       data     extern E:\3.46\pic18-lt\cxx-framework\src\traditional\proc\p18f4550.asm
                 POSTINC2   0x000fde       data     extern E:\3.46\pic18-lt\cxx-framework\src\traditional\proc\p18f4550.asm
                      PR2   0x000fcb       data     extern E:\3.46\pic18-lt\cxx-framework\src\traditional\proc\p18f4550.asm
                  PREINC0   0x000fec       data     extern E:\3.46\pic18-lt\cxx-framework\src\traditional\proc\p18f4550.asm
                  PREINC1   0x000fe4       data     extern E:\3.46\pic18-lt\cxx-framework\src\traditional\proc\p18f4550.asm
                  PREINC2   0x000fdc       data     extern E:\3.46\pic18-lt\cxx-framework\src\traditional\proc\p18f4550.asm
                     PROD   0x000ff3       data     extern E:\3.46\pic18-lt\cxx-framework\src\traditional\proc\p18f4550.asm
                    PRODH   0x000ff4       data     extern E:\3.46\pic18-lt\cxx-framework\src\traditional\proc\p18f4550.asm
                    PRODL   0x000ff3       data     extern E:\3.46\pic18-lt\cxx-framework\src\traditional\proc\p18f4550.asm
                     RCON   0x000fd0       data     extern E:\3.46\pic18-lt\cxx-framework\src\traditional\proc\p18f4550.asm
                 RCONbits   0x000fd0       data     extern E:\3.46\pic18-lt\cxx-framework\src\traditional\proc\p18f4550.asm
                    RCREG   0x000fae       data     extern E:\3.46\pic18-lt\cxx-framework\src\traditional\proc\p18f4550.asm
                    RCSTA   0x000fab       data     extern E:\3.46\pic18-lt\cxx-framework\src\traditional\proc\p18f4550.asm
                RCSTAbits   0x000fab       data     extern E:\3.46\pic18-lt\cxx-framework\src\traditional\proc\p18f4550.asm
                     SIGN   0x000000       data     extern E:\3.46\pic18-lt\cxx-framework\src\traditional\math\cmath18.asm
                    SPBRG   0x000faf       data     extern E:\3.46\pic18-lt\cxx-framework\src\traditional\proc\p18f4550.asm
                   SPBRGH   0x000fb0       data     extern E:\3.46\pic18-lt\cxx-framework\src\traditional\proc\p18f4550.asm
                   SPPCFG   0x000f63       data     extern E:\3.46\pic18-lt\cxx-framework\src\traditional\proc\p18f4550.asm
               SPPCFGbits   0x000f63       data     extern E:\3.46\pic18-lt\cxx-framework\src\traditional\proc\p18f4550.asm
                   SPPCON   0x000f65       data     extern E:\3.46\pic18-lt\cxx-framework\src\traditional\proc\p18f4550.asm
               SPPCONbits   0x000f65       data     extern E:\3.46\pic18-lt\cxx-framework\src\traditional\proc\p18f4550.asm
                  SPPDATA   0x000f62       data     extern E:\3.46\pic18-lt\cxx-framework\src\traditional\proc\p18f4550.asm
                   SPPEPS   0x000f64       data     extern E:\3.46\pic18-lt\cxx-framework\src\traditional\proc\p18f4550.asm
               SPPEPSbits   0x000f64       data     extern E:\3.46\pic18-lt\cxx-framework\src\traditional\proc\p18f4550.asm
                   SSPADD   0x000fc8       data     extern E:\3.46\pic18-lt\cxx-framework\src\traditional\proc\p18f4550.asm
                   SSPBUF   0x000fc9       data     extern E:\3.46\pic18-lt\cxx-framework\src\traditional\proc\p18f4550.asm
                  SSPCON1   0x000fc6       data     extern E:\3.46\pic18-lt\cxx-framework\src\traditional\proc\p18f4550.asm
              SSPCON1bits   0x000fc6       data     extern E:\3.46\pic18-lt\cxx-framework\src\traditional\proc\p18f4550.asm
                  SSPCON2   0x000fc5       data     extern E:\3.46\pic18-lt\cxx-framework\src\traditional\proc\p18f4550.asm
              SSPCON2bits   0x000fc5       data     extern E:\3.46\pic18-lt\cxx-framework\src\traditional\proc\p18f4550.asm
                  SSPSTAT   0x000fc7       data     extern E:\3.46\pic18-lt\cxx-framework\src\traditional\proc\p18f4550.asm
              SSPSTATbits   0x000fc7       data     extern E:\3.46\pic18-lt\cxx-framework\src\traditional\proc\p18f4550.asm
                   STATUS   0x000fd8       data     extern E:\3.46\pic18-lt\cxx-framework\src\traditional\proc\p18f4550.asm
               STATUSbits   0x000fd8       data     extern E:\3.46\pic18-lt\cxx-framework\src\traditional\proc\p18f4550.asm
                   STKPTR   0x000ffc       data     extern E:\3.46\pic18-lt\cxx-framework\src\traditional\proc\p18f4550.asm
               STKPTRbits   0x000ffc       data     extern E:\3.46\pic18-lt\cxx-framework\src\traditional\proc\p18f4550.asm
                    T0CON   0x000fd5       data     extern E:\3.46\pic18-lt\cxx-framework\src\traditional\proc\p18f4550.asm
                T0CONbits   0x000fd5       data     extern E:\3.46\pic18-lt\cxx-framework\src\traditional\proc\p18f4550.asm
                    T1CON   0x000fcd       data     extern E:\3.46\pic18-lt\cxx-framework\src\traditional\proc\p18f4550.asm
                T1CONbits   0x000fcd       data     extern E:\3.46\pic18-lt\cxx-framework\src\traditional\proc\p18f4550.asm
                    T2CON   0x000fca       data     extern E:\3.46\pic18-lt\cxx-framework\src\traditional\proc\p18f4550.asm
                T2CONbits   0x000fca       data     extern E:\3.46\pic18-lt\cxx-framework\src\traditional\proc\p18f4550.asm
                    T3CON   0x000fb1       data     extern E:\3.46\pic18-lt\cxx-framework\src\traditional\proc\p18f4550.asm
                T3CONbits   0x000fb1       data     extern E:\3.46\pic18-lt\cxx-framework\src\traditional\proc\p18f4550.asm
                   TABLAT   0x000ff5       data     extern E:\3.46\pic18-lt\cxx-framework\src\traditional\proc\p18f4550.asm
                   TBLPTR   0x000ff6       data     extern E:\3.46\pic18-lt\cxx-framework\src\traditional\proc\p18f4550.asm
                  TBLPTRH   0x000ff7       data     extern E:\3.46\pic18-lt\cxx-framework\src\traditional\proc\p18f4550.asm
                  TBLPTRL   0x000ff6       data     extern E:\3.46\pic18-lt\cxx-framework\src\traditional\proc\p18f4550.asm
                  TBLPTRU   0x000ff8       data     extern E:\3.46\pic18-lt\cxx-framework\src\traditional\proc\p18f4550.asm
                    TMR0H   0x000fd7       data     extern E:\3.46\pic18-lt\cxx-framework\src\traditional\proc\p18f4550.asm
                    TMR0L   0x000fd6       data     extern E:\3.46\pic18-lt\cxx-framework\src\traditional\proc\p18f4550.asm
                    TMR1H   0x000fcf       data     extern E:\3.46\pic18-lt\cxx-framework\src\traditional\proc\p18f4550.asm
                    TMR1L   0x000fce       data     extern E:\3.46\pic18-lt\cxx-framework\src\traditional\proc\p18f4550.asm
                     TMR2   0x000fcc       data     extern E:\3.46\pic18-lt\cxx-framework\src\traditional\proc\p18f4550.asm
                    TMR3H   0x000fb3       data     extern E:\3.46\pic18-lt\cxx-framework\src\traditional\proc\p18f4550.asm
                    TMR3L   0x000fb2       data     extern E:\3.46\pic18-lt\cxx-framework\src\traditional\proc\p18f4550.asm
                      TOS   0x000ffd       data     extern E:\3.46\pic18-lt\cxx-framework\src\traditional\proc\p18f4550.asm
                     TOSH   0x000ffe       data     extern E:\3.46\pic18-lt\cxx-framework\src\traditional\proc\p18f4550.asm
                     TOSL   0x000ffd       data     extern E:\3.46\pic18-lt\cxx-framework\src\traditional\proc\p18f4550.asm
                     TOSU   0x000fff       data     extern E:\3.46\pic18-lt\cxx-framework\src\traditional\proc\p18f4550.asm
                    TRISA   0x000f92       data     extern E:\3.46\pic18-lt\cxx-framework\src\traditional\proc\p18f4550.asm
                TRISAbits   0x000f92       data     extern E:\3.46\pic18-lt\cxx-framework\src\traditional\proc\p18f4550.asm
                    TRISB   0x000f93       data     extern E:\3.46\pic18-lt\cxx-framework\src\traditional\proc\p18f4550.asm
                TRISBbits   0x000f93       data     extern E:\3.46\pic18-lt\cxx-framework\src\traditional\proc\p18f4550.asm
                    TRISC   0x000f94       data     extern E:\3.46\pic18-lt\cxx-framework\src\traditional\proc\p18f4550.asm
                TRISCbits   0x000f94       data     extern E:\3.46\pic18-lt\cxx-framework\src\traditional\proc\p18f4550.asm
                    TRISD   0x000f95       data     extern E:\3.46\pic18-lt\cxx-framework\src\traditional\proc\p18f4550.asm
                TRISDbits   0x000f95       data     extern E:\3.46\pic18-lt\cxx-framework\src\traditional\proc\p18f4550.asm
                    TRISE   0x000f96       data     extern E:\3.46\pic18-lt\cxx-framework\src\traditional\proc\p18f4550.asm
                TRISEbits   0x000f96       data     extern E:\3.46\pic18-lt\cxx-framework\src\traditional\proc\p18f4550.asm
                    TXREG   0x000fad       data     extern E:\3.46\pic18-lt\cxx-framework\src\traditional\proc\p18f4550.asm
                    TXSTA   0x000fac       data     extern E:\3.46\pic18-lt\cxx-framework\src\traditional\proc\p18f4550.asm
                TXSTAbits   0x000fac       data     extern E:\3.46\pic18-lt\cxx-framework\src\traditional\proc\p18f4550.asm
                    UADDR   0x000f6e       data     extern E:\3.46\pic18-lt\cxx-framework\src\traditional\proc\p18f4550.asm
                UADDRbits   0x000f6e       data     extern E:\3.46\pic18-lt\cxx-framework\src\traditional\proc\p18f4550.asm
                     UCFG   0x000f6f       data     extern E:\3.46\pic18-lt\cxx-framework\src\traditional\proc\p18f4550.asm
                 UCFGbits   0x000f6f       data     extern E:\3.46\pic18-lt\cxx-framework\src\traditional\proc\p18f4550.asm
                     UCON   0x000f6d       data     extern E:\3.46\pic18-lt\cxx-framework\src\traditional\proc\p18f4550.asm
                 UCONbits   0x000f6d       data     extern E:\3.46\pic18-lt\cxx-framework\src\traditional\proc\p18f4550.asm
                     UEIE   0x000f6b       data     extern E:\3.46\pic18-lt\cxx-framework\src\traditional\proc\p18f4550.asm
                 UEIEbits   0x000f6b       data     extern E:\3.46\pic18-lt\cxx-framework\src\traditional\proc\p18f4550.asm
                     UEIR   0x000f6a       data     extern E:\3.46\pic18-lt\cxx-framework\src\traditional\proc\p18f4550.asm
                 UEIRbits   0x000f6a       data     extern E:\3.46\pic18-lt\cxx-framework\src\traditional\proc\p18f4550.asm
                     UEP0   0x000f70       data     extern E:\3.46\pic18-lt\cxx-framework\src\traditional\proc\p18f4550.asm
                 UEP0bits   0x000f70       data     extern E:\3.46\pic18-lt\cxx-framework\src\traditional\proc\p18f4550.asm
                     UEP1   0x000f71       data     extern E:\3.46\pic18-lt\cxx-framework\src\traditional\proc\p18f4550.asm
                    UEP10   0x000f7a       data     extern E:\3.46\pic18-lt\cxx-framework\src\traditional\proc\p18f4550.asm
                UEP10bits   0x000f7a       data     extern E:\3.46\pic18-lt\cxx-framework\src\traditional\proc\p18f4550.asm
                    UEP11   0x000f7b       data     extern E:\3.46\pic18-lt\cxx-framework\src\traditional\proc\p18f4550.asm
                UEP11bits   0x000f7b       data     extern E:\3.46\pic18-lt\cxx-framework\src\traditional\proc\p18f4550.asm
                    UEP12   0x000f7c       data     extern E:\3.46\pic18-lt\cxx-framework\src\traditional\proc\p18f4550.asm
                UEP12bits   0x000f7c       data     extern E:\3.46\pic18-lt\cxx-framework\src\traditional\proc\p18f4550.asm
                    UEP13   0x000f7d       data     extern E:\3.46\pic18-lt\cxx-framework\src\traditional\proc\p18f4550.asm
                UEP13bits   0x000f7d       data     extern E:\3.46\pic18-lt\cxx-framework\src\traditional\proc\p18f4550.asm
                    UEP14   0x000f7e       data     extern E:\3.46\pic18-lt\cxx-framework\src\traditional\proc\p18f4550.asm
                UEP14bits   0x000f7e       data     extern E:\3.46\pic18-lt\cxx-framework\src\traditional\proc\p18f4550.asm
                    UEP15   0x000f7f       data     extern E:\3.46\pic18-lt\cxx-framework\src\traditional\proc\p18f4550.asm
                UEP15bits   0x000f7f       data     extern E:\3.46\pic18-lt\cxx-framework\src\traditional\proc\p18f4550.asm
                 UEP1bits   0x000f71       data     extern E:\3.46\pic18-lt\cxx-framework\src\traditional\proc\p18f4550.asm
                     UEP2   0x000f72       data     extern E:\3.46\pic18-lt\cxx-framework\src\traditional\proc\p18f4550.asm
                 UEP2bits   0x000f72       data     extern E:\3.46\pic18-lt\cxx-framework\src\traditional\proc\p18f4550.asm
                     UEP3   0x000f73       data     extern E:\3.46\pic18-lt\cxx-framework\src\traditional\proc\p18f4550.asm
                 UEP3bits   0x000f73       data     extern E:\3.46\pic18-lt\cxx-framework\src\traditional\proc\p18f4550.asm
                     UEP4   0x000f74       data     extern E:\3.46\pic18-lt\cxx-framework\src\traditional\proc\p18f4550.asm
                 UEP4bits   0x000f74       data     extern E:\3.46\pic18-lt\cxx-framework\src\traditional\proc\p18f4550.asm
                     UEP5   0x000f75       data     extern E:\3.46\pic18-lt\cxx-framework\src\traditional\proc\p18f4550.asm
                 UEP5bits   0x000f75       data     extern E:\3.46\pic18-lt\cxx-framework\src\traditional\proc\p18f4550.asm
                     UEP6   0x000f76       data     extern E:\3.46\pic18-lt\cxx-framework\src\traditional\proc\p18f4550.asm
                 UEP6bits   0x000f76       data     extern E:\3.46\pic18-lt\cxx-framework\src\traditional\proc\p18f4550.asm
                     UEP7   0x000f77       data     extern E:\3.46\pic18-lt\cxx-framework\src\traditional\proc\p18f4550.asm
                 UEP7bits   0x000f77       data     extern E:\3.46\pic18-lt\cxx-framework\src\traditional\proc\p18f4550.asm
                     UEP8   0x000f78       data     extern E:\3.46\pic18-lt\cxx-framework\src\traditional\proc\p18f4550.asm
                 UEP8bits   0x000f78       data     extern E:\3.46\pic18-lt\cxx-framework\src\traditional\proc\p18f4550.asm
                     UEP9   0x000f79       data     extern E:\3.46\pic18-lt\cxx-framework\src\traditional\proc\p18f4550.asm
                 UEP9bits   0x000f79       data     extern E:\3.46\pic18-lt\cxx-framework\src\traditional\proc\p18f4550.asm
                     UFRM   0x000f66       data     extern E:\3.46\pic18-lt\cxx-framework\src\traditional\proc\p18f4550.asm
                    UFRMH   0x000f67       data     extern E:\3.46\pic18-lt\cxx-framework\src\traditional\proc\p18f4550.asm
                UFRMHbits   0x000f67       data     extern E:\3.46\pic18-lt\cxx-framework\src\traditional\proc\p18f4550.asm
                    UFRML   0x000f66       data     extern E:\3.46\pic18-lt\cxx-framework\src\traditional\proc\p18f4550.asm
                UFRMLbits   0x000f66       data     extern E:\3.46\pic18-lt\cxx-framework\src\traditional\proc\p18f4550.asm
                      UIE   0x000f69       data     extern E:\3.46\pic18-lt\cxx-framework\src\traditional\proc\p18f4550.asm
                  UIEbits   0x000f69       data     extern E:\3.46\pic18-lt\cxx-framework\src\traditional\proc\p18f4550.asm
                      UIR   0x000f68       data     extern E:\3.46\pic18-lt\cxx-framework\src\traditional\proc\p18f4550.asm
                  UIRbits   0x000f68       data     extern E:\3.46\pic18-lt\cxx-framework\src\traditional\proc\p18f4550.asm
             USART_Status   0x0001fd       data     extern E:\3.46\pic18-lt\cxx-framework\src\pmc_common\USART\udefs.c
                    USTAT   0x000f6c       data     extern E:\3.46\pic18-lt\cxx-framework\src\traditional\proc\p18f4550.asm
                USTATbits   0x000f6c       data     extern E:\3.46\pic18-lt\cxx-framework\src\traditional\proc\p18f4550.asm
                   WDTCON   0x000fd1       data     extern E:\3.46\pic18-lt\cxx-framework\src\traditional\proc\p18f4550.asm
               WDTCONbits   0x000fd1       data     extern E:\3.46\pic18-lt\cxx-framework\src\traditional\proc\p18f4550.asm
                     WREG   0x000fe8       data     extern E:\3.46\pic18-lt\cxx-framework\src\traditional\proc\p18f4550.asm
                __FPFLAGS   0x000001       data     extern E:\3.46\pic18-lt\cxx-framework\src\traditional\math\cmath18.asm
            __FPFLAGSbits   0x000001       data     extern E:\3.46\pic18-lt\cxx-framework\src\traditional\math\cmath18.asm
                  __tmp_0   0x000002       data     static C:\Users\tbi\Dropbox\Sunil Kumar_shared\CODE_Examples_C18_XC8_compatable\EEPROM\Example_13.2.X\eeprom.c
                  __tmp_0   0x000002       data     static E:\3.46\pic18-lt\cxx-framework\src\pmc_common\USART\uopen.c
                  __tmp_0   0x000002       data     static E:\3.46\pic18-lt\cxx-framework\src\pmc_common\i2c\i2c_eerr.c
                        c   0x00008e       data     extern C:\Users\tbi\Dropbox\Sunil Kumar_shared\CODE_Examples_C18_XC8_compatable\EEPROM\Example_13.2.X\eeprom.c
                 config_1   0x0001fe       data     extern C:\Users\tbi\Dropbox\Sunil Kumar_shared\CODE_Examples_C18_XC8_compatable\EEPROM\Example_13.2.X\main.c
                curr_byte   0x0000b4       data     static E:\3.46\pic18-lt\cxx-framework\src\traditional\startup\c018i.c
               curr_entry   0x0000b6       data     static E:\3.46\pic18-lt\cxx-framework\src\traditional\startup\c018i.c
                 data_ptr   0x0000b8       data     static E:\3.46\pic18-lt\cxx-framework\src\traditional\startup\c018i.c
                        i   0x00008f       data     extern C:\Users\tbi\Dropbox\Sunil Kumar_shared\CODE_Examples_C18_XC8_compatable\EEPROM\Example_13.2.X\eeprom.c
                   new_ln   0x00010a       data     extern C:\Users\tbi\Dropbox\Sunil Kumar_shared\CODE_Examples_C18_XC8_compatable\EEPROM\Example_13.2.X\eeprom.c
                     prom   0x0000b1       data     static E:\3.46\pic18-lt\cxx-framework\src\traditional\startup\c018i.c
                      s_1   0x000100       data     extern C:\Users\tbi\Dropbox\Sunil Kumar_shared\CODE_Examples_C18_XC8_compatable\EEPROM\Example_13.2.X\eeprom.c
                     s_10   0x0001a5       data     extern C:\Users\tbi\Dropbox\Sunil Kumar_shared\CODE_Examples_C18_XC8_compatable\EEPROM\Example_13.2.X\eeprom.c
                     s_11   0x000060       data     extern C:\Users\tbi\Dropbox\Sunil Kumar_shared\CODE_Examples_C18_XC8_compatable\EEPROM\Example_13.2.X\eeprom.c
                      s_2   0x00010d       data     extern C:\Users\tbi\Dropbox\Sunil Kumar_shared\CODE_Examples_C18_XC8_compatable\EEPROM\Example_13.2.X\eeprom.c
                      s_3   0x00012c       data     extern C:\Users\tbi\Dropbox\Sunil Kumar_shared\CODE_Examples_C18_XC8_compatable\EEPROM\Example_13.2.X\eeprom.c
                      s_4   0x000143       data     extern C:\Users\tbi\Dropbox\Sunil Kumar_shared\CODE_Examples_C18_XC8_compatable\EEPROM\Example_13.2.X\eeprom.c
                      s_5   0x000165       data     extern C:\Users\tbi\Dropbox\Sunil Kumar_shared\CODE_Examples_C18_XC8_compatable\EEPROM\Example_13.2.X\eeprom.c
                      s_6   0x00017c       data     extern C:\Users\tbi\Dropbox\Sunil Kumar_shared\CODE_Examples_C18_XC8_compatable\EEPROM\Example_13.2.X\eeprom.c
                      s_7   0x000184       data     extern C:\Users\tbi\Dropbox\Sunil Kumar_shared\CODE_Examples_C18_XC8_compatable\EEPROM\Example_13.2.X\eeprom.c
                      s_8   0x000190       data     extern C:\Users\tbi\Dropbox\Sunil Kumar_shared\CODE_Examples_C18_XC8_compatable\EEPROM\Example_13.2.X\eeprom.c
                      s_9   0x00019a       data     extern C:\Users\tbi\Dropbox\Sunil Kumar_shared\CODE_Examples_C18_XC8_compatable\EEPROM\Example_13.2.X\eeprom.c
                      str   0x000090       data     extern C:\Users\tbi\Dropbox\Sunil Kumar_shared\CODE_Examples_C18_XC8_compatable\EEPROM\Example_13.2.X\eeprom.c



                              Symbols - Sorted by Address
                     Name    Address   Location    Storage File                     
                ---------  ---------  ---------  --------- ---------                
                   _entry   0x000000    program     extern E:\3.46\pic18-lt\cxx-framework\src\traditional\startup\c018i.c
       ___return_lbl00000   0x000004    program     static                          
                  NewLINE   0x000038    program     extern C:\Users\tbi\Dropbox\Sunil Kumar_shared\CODE_Examples_C18_XC8_compatable\EEPROM\Example_13.2.X\eeprom.c
                   Select   0x00004a    program     extern C:\Users\tbi\Dropbox\Sunil Kumar_shared\CODE_Examples_C18_XC8_compatable\EEPROM\Example_13.2.X\eeprom.c
              WriteEEPROM   0x0000d0    program     extern C:\Users\tbi\Dropbox\Sunil Kumar_shared\CODE_Examples_C18_XC8_compatable\EEPROM\Example_13.2.X\eeprom.c
               ReadEEPROM   0x000142    program     extern C:\Users\tbi\Dropbox\Sunil Kumar_shared\CODE_Examples_C18_XC8_compatable\EEPROM\Example_13.2.X\eeprom.c
              EraseEEPROM   0x0001ac    program     extern C:\Users\tbi\Dropbox\Sunil Kumar_shared\CODE_Examples_C18_XC8_compatable\EEPROM\Example_13.2.X\eeprom.c
                Clear_str   0x000304    program     extern C:\Users\tbi\Dropbox\Sunil Kumar_shared\CODE_Examples_C18_XC8_compatable\EEPROM\Example_13.2.X\eeprom.c
          ReadEEPROM_DATA   0x000350    program     extern C:\Users\tbi\Dropbox\Sunil Kumar_shared\CODE_Examples_C18_XC8_compatable\EEPROM\Example_13.2.X\eeprom.c
         WriteEEPROM_DATA   0x0003da    program     extern C:\Users\tbi\Dropbox\Sunil Kumar_shared\CODE_Examples_C18_XC8_compatable\EEPROM\Example_13.2.X\eeprom.c
                EEPROM_ON   0x00052e    program     extern C:\Users\tbi\Dropbox\Sunil Kumar_shared\CODE_Examples_C18_XC8_compatable\EEPROM\Example_13.2.X\eeprom.c
               EEPROM_RUN   0x00054a    program     extern C:\Users\tbi\Dropbox\Sunil Kumar_shared\CODE_Examples_C18_XC8_compatable\EEPROM\Example_13.2.X\eeprom.c
              ConfigUSART   0x0006dc    program     extern C:\Users\tbi\Dropbox\Sunil Kumar_shared\CODE_Examples_C18_XC8_compatable\EEPROM\Example_13.2.X\uart.c
                 ReadUART   0x000704    program     extern C:\Users\tbi\Dropbox\Sunil Kumar_shared\CODE_Examples_C18_XC8_compatable\EEPROM\Example_13.2.X\uart.c
                Write_str   0x000726    program     extern C:\Users\tbi\Dropbox\Sunil Kumar_shared\CODE_Examples_C18_XC8_compatable\EEPROM\Example_13.2.X\uart.c
                 Read_str   0x00074e    program     extern C:\Users\tbi\Dropbox\Sunil Kumar_shared\CODE_Examples_C18_XC8_compatable\EEPROM\Example_13.2.X\uart.c
                    Write   0x00077e    program     extern C:\Users\tbi\Dropbox\Sunil Kumar_shared\CODE_Examples_C18_XC8_compatable\EEPROM\Example_13.2.X\uart.c
              Read_string   0x00079e    program     extern C:\Users\tbi\Dropbox\Sunil Kumar_shared\CODE_Examples_C18_XC8_compatable\EEPROM\Example_13.2.X\uart.c
                Read_str_   0x000816    program     extern C:\Users\tbi\Dropbox\Sunil Kumar_shared\CODE_Examples_C18_XC8_compatable\EEPROM\Example_13.2.X\uart.c
                  ReadBUF   0x0008ae    program     extern C:\Users\tbi\Dropbox\Sunil Kumar_shared\CODE_Examples_C18_XC8_compatable\EEPROM\Example_13.2.X\i2c_.c
                Write_I2C   0x0008ca    program     extern C:\Users\tbi\Dropbox\Sunil Kumar_shared\CODE_Examples_C18_XC8_compatable\EEPROM\Example_13.2.X\i2c_.c
                     Read   0x0008e8    program     extern C:\Users\tbi\Dropbox\Sunil Kumar_shared\CODE_Examples_C18_XC8_compatable\EEPROM\Example_13.2.X\i2c_.c
           Read_From_Addr   0x000920    program     extern C:\Users\tbi\Dropbox\Sunil Kumar_shared\CODE_Examples_C18_XC8_compatable\EEPROM\Example_13.2.X\i2c_.c
            Write_to_Addr   0x000980    program     extern C:\Users\tbi\Dropbox\Sunil Kumar_shared\CODE_Examples_C18_XC8_compatable\EEPROM\Example_13.2.X\i2c_.c
                 delay_ms   0x0009e2    program     extern C:\Users\tbi\Dropbox\Sunil Kumar_shared\CODE_Examples_C18_XC8_compatable\EEPROM\Example_13.2.X\delay.c
                 delay_us   0x000a12    program     extern C:\Users\tbi\Dropbox\Sunil Kumar_shared\CODE_Examples_C18_XC8_compatable\EEPROM\Example_13.2.X\delay.c
                  Delay_s   0x000a42    program     extern C:\Users\tbi\Dropbox\Sunil Kumar_shared\CODE_Examples_C18_XC8_compatable\EEPROM\Example_13.2.X\delay.c
            DelayFor18TCY   0x000a92    program     extern C:\Users\tbi\Dropbox\Sunil Kumar_shared\CODE_Examples_C18_XC8_compatable\EEPROM\Example_13.2.X\delay.c
             DelayPORXLCD   0x000abc    program     extern C:\Users\tbi\Dropbox\Sunil Kumar_shared\CODE_Examples_C18_XC8_compatable\EEPROM\Example_13.2.X\delay.c
                DelayXLCD   0x000aca    program     extern C:\Users\tbi\Dropbox\Sunil Kumar_shared\CODE_Examples_C18_XC8_compatable\EEPROM\Example_13.2.X\delay.c
                 Delay_s_   0x000af6    program     extern C:\Users\tbi\Dropbox\Sunil Kumar_shared\CODE_Examples_C18_XC8_compatable\EEPROM\Example_13.2.X\delay.c
             EERandomRead   0x000b02    program     extern E:\3.46\pic18-lt\cxx-framework\src\pmc_common\i2c\i2c_eerr.c
                   __pa_0   0x000bd8    program     static E:\3.46\pic18-lt\cxx-framework\src\pmc_common\i2c\i2c_eerr.c
                _do_cinit   0x000be6    program     extern E:\3.46\pic18-lt\cxx-framework\src\traditional\startup\c018i.c
                     test   0x000c00    program     static                          
                copy_loop   0x000c58    program     static                          
            copy_one_byte   0x000c5e    program     static                          
             done_copying   0x000c6c    program     static                          
       ___return_lbl00002   0x000c82    program     static                          
                     done   0x000c82    program     static                          
              EEByteWrite   0x000c84    program     extern E:\3.46\pic18-lt\cxx-framework\src\pmc_common\i2c\i2c_eebw.c
                   __pa_0   0x000d10    program     static E:\3.46\pic18-lt\cxx-framework\src\pmc_common\i2c\i2c_eebw.c
                OpenUSART   0x000d1e    program     extern E:\3.46\pic18-lt\cxx-framework\src\pmc_common\USART\uopen.c
             EEAckPolling   0x000da8    program     extern E:\3.46\pic18-lt\cxx-framework\src\pmc_common\i2c\i2c_eeap.c
                   __pa_0   0x000e1c    program     static E:\3.46\pic18-lt\cxx-framework\src\pmc_common\i2c\i2c_eeap.c
                 WriteI2C   0x000e2c    program     extern E:\3.46\pic18-lt\cxx-framework\src\pmc_common\i2c\i2c_writ.c
                getsUSART   0x000e9e    program     extern E:\3.46\pic18-lt\cxx-framework\src\pmc_common\USART\ugets.c
                putsUSART   0x000efc    program     extern E:\3.46\pic18-lt\cxx-framework\src\pmc_common\USART\uputs.c
                ReadUSART   0x000f48    program     extern E:\3.46\pic18-lt\cxx-framework\src\pmc_common\USART\uread.c
                  OpenI2C   0x000f86    program     extern E:\3.46\pic18-lt\cxx-framework\src\pmc_common\i2c\i2c_open.c
             Delay10KTCYx   0x000fbc    program     extern E:\3.46\pic18-lt\cxx-framework\src\traditional\delays\d10ktcyx.asm
                    D10Kx   0x000fc6    program     static E:\3.46\pic18-lt\cxx-framework\src\traditional\delays\d10ktcyx.asm
                   D10K_1   0x000fc8    program     static E:\3.46\pic18-lt\cxx-framework\src\traditional\delays\d10ktcyx.asm
       _D10KTCYXCODE_0010   0x000fcc    program     static E:\3.46\pic18-lt\cxx-framework\src\traditional\delays\d10ktcyx.asm
                    D10Kl   0x000fd4    program     static E:\3.46\pic18-lt\cxx-framework\src\traditional\delays\d10ktcyx.asm
       _D10KTCYXCODE_001C   0x000fd8    program     static E:\3.46\pic18-lt\cxx-framework\src\traditional\delays\d10ktcyx.asm
               WriteUSART   0x000fea    program     extern E:\3.46\pic18-lt\cxx-framework\src\pmc_common\USART\uwrite.c
                     main   0x001018    program     extern C:\Users\tbi\Dropbox\Sunil Kumar_shared\CODE_Examples_C18_XC8_compatable\EEPROM\Example_13.2.X\main.c
              Delay1KTCYx   0x00103c    program     extern E:\3.46\pic18-lt\cxx-framework\src\traditional\delays\d1ktcyx.asm
                     D1Kx   0x001046    program     static E:\3.46\pic18-lt\cxx-framework\src\traditional\delays\d1ktcyx.asm
                    D1K_1   0x001048    program     static E:\3.46\pic18-lt\cxx-framework\src\traditional\delays\d1ktcyx.asm
        _D1KTCYXCODE_0010   0x00104c    program     static E:\3.46\pic18-lt\cxx-framework\src\traditional\delays\d1ktcyx.asm
        _D1KTCYXCODE_0016   0x001052    program     static E:\3.46\pic18-lt\cxx-framework\src\traditional\delays\d1ktcyx.asm
            __zero_memory   0x00105c    program     extern E:\3.46\pic18-lt\cxx-framework\src\traditional\proc\p18f4550.asm
               zero_block   0x00106a    program     static E:\3.46\pic18-lt\cxx-framework\src\traditional\proc\p18f4550.asm
                   loop_h   0x00106a    program     static E:\3.46\pic18-lt\cxx-framework\src\traditional\proc\p18f4550.asm
                compare_l   0x001072    program     static E:\3.46\pic18-lt\cxx-framework\src\traditional\proc\p18f4550.asm
                   loop_l   0x001074    program     static E:\3.46\pic18-lt\cxx-framework\src\traditional\proc\p18f4550.asm
                 _startup   0x00107c    program     extern E:\3.46\pic18-lt\cxx-framework\src\traditional\startup\c018i.c
                     loop   0x00108c    program     static                          
       ___return_lbl00001   0x001096    program     static                          
                  ReadI2C   0x001098    program     extern E:\3.46\pic18-lt\cxx-framework\src\pmc_common\i2c\i2c_read.c
              Delay10TCYx   0x0010b2    program     extern E:\3.46\pic18-lt\cxx-framework\src\traditional\delays\d10tcyx.asm
                     D10x   0x0010ba    program     static E:\3.46\pic18-lt\cxx-framework\src\traditional\delays\d10tcyx.asm
        _D10TCYXCODE_000A   0x0010bc    program     static E:\3.46\pic18-lt\cxx-framework\src\traditional\delays\d10tcyx.asm
        _D10TCYXCODE_000C   0x0010be    program     static E:\3.46\pic18-lt\cxx-framework\src\traditional\delays\d10tcyx.asm
        _D10TCYXCODE_000E   0x0010c0    program     static E:\3.46\pic18-lt\cxx-framework\src\traditional\delays\d10tcyx.asm
                    D10_1   0x0010c2    program     static E:\3.46\pic18-lt\cxx-framework\src\traditional\delays\d10tcyx.asm
                  IdleI2C   0x0010c8    program     extern E:\3.46\pic18-lt\cxx-framework\src\pmc_common\i2c\i2c_idle.c
                 CloseI2C   0x0010d6    program     extern E:\3.46\pic18-lt\cxx-framework\src\pmc_common\i2c\i2c_clos.c
                   __init   0x0010da    program     extern E:\3.46\pic18-lt\cxx-framework\src\traditional\stdclib\__init.c
               __config_0   0x300001    program     static C:\Users\tbi\Dropbox\Sunil Kumar_shared\CODE_Examples_C18_XC8_compatable\EEPROM\Example_13.2.X\main.c
               __config_1   0x300002    program     static C:\Users\tbi\Dropbox\Sunil Kumar_shared\CODE_Examples_C18_XC8_compatable\EEPROM\Example_13.2.X\main.c
               __config_2   0x300003    program     static C:\Users\tbi\Dropbox\Sunil Kumar_shared\CODE_Examples_C18_XC8_compatable\EEPROM\Example_13.2.X\main.c
               __config_3   0x300005    program     static C:\Users\tbi\Dropbox\Sunil Kumar_shared\CODE_Examples_C18_XC8_compatable\EEPROM\Example_13.2.X\main.c
               __config_4   0x300006    program     static C:\Users\tbi\Dropbox\Sunil Kumar_shared\CODE_Examples_C18_XC8_compatable\EEPROM\Example_13.2.X\main.c
               __config_5   0x300008    program     static C:\Users\tbi\Dropbox\Sunil Kumar_shared\CODE_Examples_C18_XC8_compatable\EEPROM\Example_13.2.X\main.c
                     SIGN   0x000000       data     extern E:\3.46\pic18-lt\cxx-framework\src\traditional\math\cmath18.asm
                __FPFLAGS   0x000001       data     extern E:\3.46\pic18-lt\cxx-framework\src\traditional\math\cmath18.asm
            __FPFLAGSbits   0x000001       data     extern E:\3.46\pic18-lt\cxx-framework\src\traditional\math\cmath18.asm
                  __tmp_0   0x000002       data     static C:\Users\tbi\Dropbox\Sunil Kumar_shared\CODE_Examples_C18_XC8_compatable\EEPROM\Example_13.2.X\eeprom.c
                  __tmp_0   0x000002       data     static E:\3.46\pic18-lt\cxx-framework\src\pmc_common\USART\uopen.c
                  __tmp_0   0x000002       data     static E:\3.46\pic18-lt\cxx-framework\src\pmc_common\i2c\i2c_eerr.c
            DelayCounter2   0x000004       data     extern E:\3.46\pic18-lt\cxx-framework\src\traditional\delays\delayd2.asm
            DelayCounter1   0x000005       data     extern E:\3.46\pic18-lt\cxx-framework\src\traditional\delays\delayd1.asm
                     s_11   0x000060       data     extern C:\Users\tbi\Dropbox\Sunil Kumar_shared\CODE_Examples_C18_XC8_compatable\EEPROM\Example_13.2.X\eeprom.c
                        c   0x00008e       data     extern C:\Users\tbi\Dropbox\Sunil Kumar_shared\CODE_Examples_C18_XC8_compatable\EEPROM\Example_13.2.X\eeprom.c
                        i   0x00008f       data     extern C:\Users\tbi\Dropbox\Sunil Kumar_shared\CODE_Examples_C18_XC8_compatable\EEPROM\Example_13.2.X\eeprom.c
                      str   0x000090       data     extern C:\Users\tbi\Dropbox\Sunil Kumar_shared\CODE_Examples_C18_XC8_compatable\EEPROM\Example_13.2.X\eeprom.c
                     prom   0x0000b1       data     static E:\3.46\pic18-lt\cxx-framework\src\traditional\startup\c018i.c
                curr_byte   0x0000b4       data     static E:\3.46\pic18-lt\cxx-framework\src\traditional\startup\c018i.c
               curr_entry   0x0000b6       data     static E:\3.46\pic18-lt\cxx-framework\src\traditional\startup\c018i.c
                 data_ptr   0x0000b8       data     static E:\3.46\pic18-lt\cxx-framework\src\traditional\startup\c018i.c
                      s_1   0x000100       data     extern C:\Users\tbi\Dropbox\Sunil Kumar_shared\CODE_Examples_C18_XC8_compatable\EEPROM\Example_13.2.X\eeprom.c
                   new_ln   0x00010a       data     extern C:\Users\tbi\Dropbox\Sunil Kumar_shared\CODE_Examples_C18_XC8_compatable\EEPROM\Example_13.2.X\eeprom.c
                      s_2   0x00010d       data     extern C:\Users\tbi\Dropbox\Sunil Kumar_shared\CODE_Examples_C18_XC8_compatable\EEPROM\Example_13.2.X\eeprom.c
                      s_3   0x00012c       data     extern C:\Users\tbi\Dropbox\Sunil Kumar_shared\CODE_Examples_C18_XC8_compatable\EEPROM\Example_13.2.X\eeprom.c
                      s_4   0x000143       data     extern C:\Users\tbi\Dropbox\Sunil Kumar_shared\CODE_Examples_C18_XC8_compatable\EEPROM\Example_13.2.X\eeprom.c
                      s_5   0x000165       data     extern C:\Users\tbi\Dropbox\Sunil Kumar_shared\CODE_Examples_C18_XC8_compatable\EEPROM\Example_13.2.X\eeprom.c
                      s_6   0x00017c       data     extern C:\Users\tbi\Dropbox\Sunil Kumar_shared\CODE_Examples_C18_XC8_compatable\EEPROM\Example_13.2.X\eeprom.c
                      s_7   0x000184       data     extern C:\Users\tbi\Dropbox\Sunil Kumar_shared\CODE_Examples_C18_XC8_compatable\EEPROM\Example_13.2.X\eeprom.c
                      s_8   0x000190       data     extern C:\Users\tbi\Dropbox\Sunil Kumar_shared\CODE_Examples_C18_XC8_compatable\EEPROM\Example_13.2.X\eeprom.c
                      s_9   0x00019a       data     extern C:\Users\tbi\Dropbox\Sunil Kumar_shared\CODE_Examples_C18_XC8_compatable\EEPROM\Example_13.2.X\eeprom.c
                     s_10   0x0001a5       data     extern C:\Users\tbi\Dropbox\Sunil Kumar_shared\CODE_Examples_C18_XC8_compatable\EEPROM\Example_13.2.X\eeprom.c
             USART_Status   0x0001fd       data     extern E:\3.46\pic18-lt\cxx-framework\src\pmc_common\USART\udefs.c
                 config_1   0x0001fe       data     extern C:\Users\tbi\Dropbox\Sunil Kumar_shared\CODE_Examples_C18_XC8_compatable\EEPROM\Example_13.2.X\main.c
                  SPPDATA   0x000f62       data     extern E:\3.46\pic18-lt\cxx-framework\src\traditional\proc\p18f4550.asm
                   SPPCFG   0x000f63       data     extern E:\3.46\pic18-lt\cxx-framework\src\traditional\proc\p18f4550.asm
               SPPCFGbits   0x000f63       data     extern E:\3.46\pic18-lt\cxx-framework\src\traditional\proc\p18f4550.asm
               SPPEPSbits   0x000f64       data     extern E:\3.46\pic18-lt\cxx-framework\src\traditional\proc\p18f4550.asm
                   SPPEPS   0x000f64       data     extern E:\3.46\pic18-lt\cxx-framework\src\traditional\proc\p18f4550.asm
                   SPPCON   0x000f65       data     extern E:\3.46\pic18-lt\cxx-framework\src\traditional\proc\p18f4550.asm
               SPPCONbits   0x000f65       data     extern E:\3.46\pic18-lt\cxx-framework\src\traditional\proc\p18f4550.asm
                UFRMLbits   0x000f66       data     extern E:\3.46\pic18-lt\cxx-framework\src\traditional\proc\p18f4550.asm
                    UFRML   0x000f66       data     extern E:\3.46\pic18-lt\cxx-framework\src\traditional\proc\p18f4550.asm
                     UFRM   0x000f66       data     extern E:\3.46\pic18-lt\cxx-framework\src\traditional\proc\p18f4550.asm
                UFRMHbits   0x000f67       data     extern E:\3.46\pic18-lt\cxx-framework\src\traditional\proc\p18f4550.asm
                    UFRMH   0x000f67       data     extern E:\3.46\pic18-lt\cxx-framework\src\traditional\proc\p18f4550.asm
                      UIR   0x000f68       data     extern E:\3.46\pic18-lt\cxx-framework\src\traditional\proc\p18f4550.asm
                  UIRbits   0x000f68       data     extern E:\3.46\pic18-lt\cxx-framework\src\traditional\proc\p18f4550.asm
                      UIE   0x000f69       data     extern E:\3.46\pic18-lt\cxx-framework\src\traditional\proc\p18f4550.asm
                  UIEbits   0x000f69       data     extern E:\3.46\pic18-lt\cxx-framework\src\traditional\proc\p18f4550.asm
                     UEIR   0x000f6a       data     extern E:\3.46\pic18-lt\cxx-framework\src\traditional\proc\p18f4550.asm
                 UEIRbits   0x000f6a       data     extern E:\3.46\pic18-lt\cxx-framework\src\traditional\proc\p18f4550.asm
                     UEIE   0x000f6b       data     extern E:\3.46\pic18-lt\cxx-framework\src\traditional\proc\p18f4550.asm
                 UEIEbits   0x000f6b       data     extern E:\3.46\pic18-lt\cxx-framework\src\traditional\proc\p18f4550.asm
                    USTAT   0x000f6c       data     extern E:\3.46\pic18-lt\cxx-framework\src\traditional\proc\p18f4550.asm
                USTATbits   0x000f6c       data     extern E:\3.46\pic18-lt\cxx-framework\src\traditional\proc\p18f4550.asm
                     UCON   0x000f6d       data     extern E:\3.46\pic18-lt\cxx-framework\src\traditional\proc\p18f4550.asm
                 UCONbits   0x000f6d       data     extern E:\3.46\pic18-lt\cxx-framework\src\traditional\proc\p18f4550.asm
                UADDRbits   0x000f6e       data     extern E:\3.46\pic18-lt\cxx-framework\src\traditional\proc\p18f4550.asm
                    UADDR   0x000f6e       data     extern E:\3.46\pic18-lt\cxx-framework\src\traditional\proc\p18f4550.asm
                 UCFGbits   0x000f6f       data     extern E:\3.46\pic18-lt\cxx-framework\src\traditional\proc\p18f4550.asm
                     UCFG   0x000f6f       data     extern E:\3.46\pic18-lt\cxx-framework\src\traditional\proc\p18f4550.asm
                 UEP0bits   0x000f70       data     extern E:\3.46\pic18-lt\cxx-framework\src\traditional\proc\p18f4550.asm
                     UEP0   0x000f70       data     extern E:\3.46\pic18-lt\cxx-framework\src\traditional\proc\p18f4550.asm
                 UEP1bits   0x000f71       data     extern E:\3.46\pic18-lt\cxx-framework\src\traditional\proc\p18f4550.asm
                     UEP1   0x000f71       data     extern E:\3.46\pic18-lt\cxx-framework\src\traditional\proc\p18f4550.asm
                 UEP2bits   0x000f72       data     extern E:\3.46\pic18-lt\cxx-framework\src\traditional\proc\p18f4550.asm
                     UEP2   0x000f72       data     extern E:\3.46\pic18-lt\cxx-framework\src\traditional\proc\p18f4550.asm
                 UEP3bits   0x000f73       data     extern E:\3.46\pic18-lt\cxx-framework\src\traditional\proc\p18f4550.asm
                     UEP3   0x000f73       data     extern E:\3.46\pic18-lt\cxx-framework\src\traditional\proc\p18f4550.asm
                 UEP4bits   0x000f74       data     extern E:\3.46\pic18-lt\cxx-framework\src\traditional\proc\p18f4550.asm
                     UEP4   0x000f74       data     extern E:\3.46\pic18-lt\cxx-framework\src\traditional\proc\p18f4550.asm
                 UEP5bits   0x000f75       data     extern E:\3.46\pic18-lt\cxx-framework\src\traditional\proc\p18f4550.asm
                     UEP5   0x000f75       data     extern E:\3.46\pic18-lt\cxx-framework\src\traditional\proc\p18f4550.asm
                 UEP6bits   0x000f76       data     extern E:\3.46\pic18-lt\cxx-framework\src\traditional\proc\p18f4550.asm
                     UEP6   0x000f76       data     extern E:\3.46\pic18-lt\cxx-framework\src\traditional\proc\p18f4550.asm
                     UEP7   0x000f77       data     extern E:\3.46\pic18-lt\cxx-framework\src\traditional\proc\p18f4550.asm
                 UEP7bits   0x000f77       data     extern E:\3.46\pic18-lt\cxx-framework\src\traditional\proc\p18f4550.asm
                     UEP8   0x000f78       data     extern E:\3.46\pic18-lt\cxx-framework\src\traditional\proc\p18f4550.asm
                 UEP8bits   0x000f78       data     extern E:\3.46\pic18-lt\cxx-framework\src\traditional\proc\p18f4550.asm
                 UEP9bits   0x000f79       data     extern E:\3.46\pic18-lt\cxx-framework\src\traditional\proc\p18f4550.asm
                     UEP9   0x000f79       data     extern E:\3.46\pic18-lt\cxx-framework\src\traditional\proc\p18f4550.asm
                    UEP10   0x000f7a       data     extern E:\3.46\pic18-lt\cxx-framework\src\traditional\proc\p18f4550.asm
                UEP10bits   0x000f7a       data     extern E:\3.46\pic18-lt\cxx-framework\src\traditional\proc\p18f4550.asm
                    UEP11   0x000f7b       data     extern E:\3.46\pic18-lt\cxx-framework\src\traditional\proc\p18f4550.asm
                UEP11bits   0x000f7b       data     extern E:\3.46\pic18-lt\cxx-framework\src\traditional\proc\p18f4550.asm
[...]
                     DDRC   0x000f94       data     extern E:\3.46\pic18-lt\cxx-framework\src\traditional\proc\p18f4550.asm
                TRISCbits   0x000f94       data     extern E:\3.46\pic18-lt\cxx-framework\src\traditional\proc\p18f4550.asm
                    TRISC   0x000f94       data     extern E:\3.46\pic18-lt\cxx-framework\src\traditional\proc\p18f4550.asm
                TRISDbits   0x000f95       data     extern E:\3.46\pic18-lt\cxx-framework\src\traditional\proc\p18f4550.asm
                    TRISD   0x000f95       data     extern E:\3.46\pic18-lt\cxx-framework\src\traditional\proc\p18f4550.asm
                 DDRDbits   0x000f95       data     extern E:\3.46\pic18-lt\cxx-framework\src\traditional\proc\p18f4550.asm
                     DDRD   0x000f95       data     extern E:\3.46\pic18-lt\cxx-framework\src\traditional\proc\p18f4550.asm
                 DDREbits   0x000f96       data     extern E:\3.46\pic18-lt\cxx-framework\src\traditional\proc\p18f4550.asm
                     DDRE   0x000f96       data     extern E:\3.46\pic18-lt\cxx-framework\src\traditional\proc\p18f4550.asm
                    TRISE   0x000f96       data     extern E:\3.46\pic18-lt\cxx-framework\src\traditional\proc\p18f4550.asm
                TRISEbits   0x000f96       data     extern E:\3.46\pic18-lt\cxx-framework\src\traditional\proc\p18f4550.asm
              OSCTUNEbits   0x000f9b       data     extern E:\3.46\pic18-lt\cxx-framework\src\traditional\proc\p18f4550.asm
                  OSCTUNE   0x000f9b       data     extern E:\3.46\pic18-lt\cxx-framework\src\traditional\proc\p18f4550.asm
                 PIE1bits   0x000f9d       data     extern E:\3.46\pic18-lt\cxx-framework\src\traditional\proc\p18f4550.asm
                     PIE1   0x000f9d       data     extern E:\3.46\pic18-lt\cxx-framework\src\traditional\proc\p18f4550.asm
                     PIR1   0x000f9e       data     extern E:\3.46\pic18-lt\cxx-framework\src\traditional\proc\p18f4550.asm
                 PIR1bits   0x000f9e       data     extern E:\3.46\pic18-lt\cxx-framework\src\traditional\proc\p18f4550.asm
                     IPR1   0x000f9f       data     extern E:\3.46\pic18-lt\cxx-framework\src\traditional\proc\p18f4550.asm
                 IPR1bits   0x000f9f       data     extern E:\3.46\pic18-lt\cxx-framework\src\traditional\proc\p18f4550.asm
                 PIE2bits   0x000fa0       data     extern E:\3.46\pic18-lt\cxx-framework\src\traditional\proc\p18f4550.asm
                     PIE2   0x000fa0       data     extern E:\3.46\pic18-lt\cxx-framework\src\traditional\proc\p18f4550.asm
                     PIR2   0x000fa1       data     extern E:\3.46\pic18-lt\cxx-framework\src\traditional\proc\p18f4550.asm
                 PIR2bits   0x000fa1       data     extern E:\3.46\pic18-lt\cxx-framework\src\traditional\proc\p18f4550.asm
                     IPR2   0x000fa2       data     extern E:\3.46\pic18-lt\cxx-framework\src\traditional\proc\p18f4550.asm
                 IPR2bits   0x000fa2       data     extern E:\3.46\pic18-lt\cxx-framework\src\traditional\proc\p18f4550.asm
                   EECON1   0x000fa6       data     extern E:\3.46\pic18-lt\cxx-framework\src\traditional\proc\p18f4550.asm
               EECON1bits   0x000fa6       data     extern E:\3.46\pic18-lt\cxx-framework\src\traditional\proc\p18f4550.asm
                   EECON2   0x000fa7       data     extern E:\3.46\pic18-lt\cxx-framework\src\traditional\proc\p18f4550.asm
                   EEDATA   0x000fa8       data     extern E:\3.46\pic18-lt\cxx-framework\src\traditional\proc\p18f4550.asm
                    EEADR   0x000fa9       data     extern E:\3.46\pic18-lt\cxx-framework\src\traditional\proc\p18f4550.asm
                RCSTAbits   0x000fab       data     extern E:\3.46\pic18-lt\cxx-framework\src\traditional\proc\p18f4550.asm
                    RCSTA   0x000fab       data     extern E:\3.46\pic18-lt\cxx-framework\src\traditional\proc\p18f4550.asm
                    TXSTA   0x000fac       data     extern E:\3.46\pic18-lt\cxx-framework\src\traditional\proc\p18f4550.asm
                TXSTAbits   0x000fac       data     extern E:\3.46\pic18-lt\cxx-framework\src\traditional\proc\p18f4550.asm
                    TXREG   0x000fad       data     extern E:\3.46\pic18-lt\cxx-framework\src\traditional\proc\p18f4550.asm
                    RCREG   0x000fae       data     extern E:\3.46\pic18-lt\cxx-framework\src\traditional\proc\p18f4550.asm
                    SPBRG   0x000faf       data     extern E:\3.46\pic18-lt\cxx-framework\src\traditional\proc\p18f4550.asm
                   SPBRGH   0x000fb0       data     extern E:\3.46\pic18-lt\cxx-framework\src\traditional\proc\p18f4550.asm
                    T3CON   0x000fb1       data     extern E:\3.46\pic18-lt\cxx-framework\src\traditional\proc\p18f4550.asm
                T3CONbits   0x000fb1       data     extern E:\3.46\pic18-lt\cxx-framework\src\traditional\proc\p18f4550.asm
                    TMR3L   0x000fb2       data     extern E:\3.46\pic18-lt\cxx-framework\src\traditional\proc\p18f4550.asm
                    TMR3H   0x000fb3       data     extern E:\3.46\pic18-lt\cxx-framework\src\traditional\proc\p18f4550.asm
                    CMCON   0x000fb4       data     extern E:\3.46\pic18-lt\cxx-framework\src\traditional\proc\p18f4550.asm
                CMCONbits   0x000fb4       data     extern E:\3.46\pic18-lt\cxx-framework\src\traditional\proc\p18f4550.asm
               CVRCONbits   0x000fb5       data     extern E:\3.46\pic18-lt\cxx-framework\src\traditional\proc\p18f4550.asm
                   CVRCON   0x000fb5       data     extern E:\3.46\pic18-lt\cxx-framework\src\traditional\proc\p18f4550.asm
              ECCP1ASbits   0x000fb6       data     extern E:\3.46\pic18-lt\cxx-framework\src\traditional\proc\p18f4550.asm
                  ECCP1AS   0x000fb6       data     extern E:\3.46\pic18-lt\cxx-framework\src\traditional\proc\p18f4550.asm
               CCP1ASbits   0x000fb6       data     extern E:\3.46\pic18-lt\cxx-framework\src\traditional\proc\p18f4550.asm
                   CCP1AS   0x000fb6       data     extern E:\3.46\pic18-lt\cxx-framework\src\traditional\proc\p18f4550.asm
              CCP1DELbits   0x000fb7       data     extern E:\3.46\pic18-lt\cxx-framework\src\traditional\proc\p18f4550.asm
                  CCP1DEL   0x000fb7       data     extern E:\3.46\pic18-lt\cxx-framework\src\traditional\proc\p18f4550.asm
                 ECCP1DEL   0x000fb7       data     extern E:\3.46\pic18-lt\cxx-framework\src\traditional\proc\p18f4550.asm
             ECCP1DELbits   0x000fb7       data     extern E:\3.46\pic18-lt\cxx-framework\src\traditional\proc\p18f4550.asm
              BAUDCTLbits   0x000fb8       data     extern E:\3.46\pic18-lt\cxx-framework\src\traditional\proc\p18f4550.asm
                  BAUDCTL   0x000fb8       data     extern E:\3.46\pic18-lt\cxx-framework\src\traditional\proc\p18f4550.asm
              BAUDCONbits   0x000fb8       data     extern E:\3.46\pic18-lt\cxx-framework\src\traditional\proc\p18f4550.asm
                  BAUDCON   0x000fb8       data     extern E:\3.46\pic18-lt\cxx-framework\src\traditional\proc\p18f4550.asm
                  CCP2CON   0x000fba       data     extern E:\3.46\pic18-lt\cxx-framework\src\traditional\proc\p18f4550.asm
              CCP2CONbits   0x000fba       data     extern E:\3.46\pic18-lt\cxx-framework\src\traditional\proc\p18f4550.asm
                    CCPR2   0x000fbb       data     extern E:\3.46\pic18-lt\cxx-framework\src\traditional\proc\p18f4550.asm
                   CCPR2L   0x000fbb       data     extern E:\3.46\pic18-lt\cxx-framework\src\traditional\proc\p18f4550.asm
                   CCPR2H   0x000fbc       data     extern E:\3.46\pic18-lt\cxx-framework\src\traditional\proc\p18f4550.asm
                  CCP1CON   0x000fbd       data     extern E:\3.46\pic18-lt\cxx-framework\src\traditional\proc\p18f4550.asm
              CCP1CONbits   0x000fbd       data     extern E:\3.46\pic18-lt\cxx-framework\src\traditional\proc\p18f4550.asm
                 ECCP1CON   0x000fbd       data     extern E:\3.46\pic18-lt\cxx-framework\src\traditional\proc\p18f4550.asm
             ECCP1CONbits   0x000fbd       data     extern E:\3.46\pic18-lt\cxx-framework\src\traditional\proc\p18f4550.asm
                   CCPR1L   0x000fbe       data     extern E:\3.46\pic18-lt\cxx-framework\src\traditional\proc\p18f4550.asm
                    CCPR1   0x000fbe       data     extern E:\3.46\pic18-lt\cxx-framework\src\traditional\proc\p18f4550.asm
                   CCPR1H   0x000fbf       data     extern E:\3.46\pic18-lt\cxx-framework\src\traditional\proc\p18f4550.asm
               ADCON2bits   0x000fc0       data     extern E:\3.46\pic18-lt\cxx-framework\src\traditional\proc\p18f4550.asm
                   ADCON2   0x000fc0       data     extern E:\3.46\pic18-lt\cxx-framework\src\traditional\proc\p18f4550.asm
               ADCON1bits   0x000fc1       data     extern E:\3.46\pic18-lt\cxx-framework\src\traditional\proc\p18f4550.asm
                   ADCON1   0x000fc1       data     extern E:\3.46\pic18-lt\cxx-framework\src\traditional\proc\p18f4550.asm
               ADCON0bits   0x000fc2       data     extern E:\3.46\pic18-lt\cxx-framework\src\traditional\proc\p18f4550.asm
                   ADCON0   0x000fc2       data     extern E:\3.46\pic18-lt\cxx-framework\src\traditional\proc\p18f4550.asm
                   ADRESL   0x000fc3       data     extern E:\3.46\pic18-lt\cxx-framework\src\traditional\proc\p18f4550.asm
                    ADRES   0x000fc3       data     extern E:\3.46\pic18-lt\cxx-framework\src\traditional\proc\p18f4550.asm
                   ADRESH   0x000fc4       data     extern E:\3.46\pic18-lt\cxx-framework\src\traditional\proc\p18f4550.asm
                  SSPCON2   0x000fc5       data     extern E:\3.46\pic18-lt\cxx-framework\src\traditional\proc\p18f4550.asm
              SSPCON2bits   0x000fc5       data     extern E:\3.46\pic18-lt\cxx-framework\src\traditional\proc\p18f4550.asm
              SSPCON1bits   0x000fc6       data     extern E:\3.46\pic18-lt\cxx-framework\src\traditional\proc\p18f4550.asm
                  SSPCON1   0x000fc6       data     extern E:\3.46\pic18-lt\cxx-framework\src\traditional\proc\p18f4550.asm
                  SSPSTAT   0x000fc7       data     extern E:\3.46\pic18-lt\cxx-framework\src\traditional\proc\p18f4550.asm
              SSPSTATbits   0x000fc7       data     extern E:\3.46\pic18-lt\cxx-framework\src\traditional\proc\p18f4550.asm
                   SSPADD   0x000fc8       data     extern E:\3.46\pic18-lt\cxx-framework\src\traditional\proc\p18f4550.asm
                   SSPBUF   0x000fc9       data     extern E:\3.46\pic18-lt\cxx-framework\src\traditional\proc\p18f4550.asm
                T2CONbits   0x000fca       data     extern E:\3.46\pic18-lt\cxx-framework\src\traditional\proc\p18f4550.asm
                    T2CON   0x000fca       data     extern E:\3.46\pic18-lt\cxx-framework\src\traditional\proc\p18f4550.asm
                      PR2   0x000fcb       data     extern E:\3.46\pic18-lt\cxx-framework\src\traditional\proc\p18f4550.asm
                     TMR2   0x000fcc       data     extern E:\3.46\pic18-lt\cxx-framework\src\traditional\proc\p18f4550.asm
                    T1CON   0x000fcd       data     extern E:\3.46\pic18-lt\cxx-framework\src\traditional\proc\p18f4550.asm
                T1CONbits   0x000fcd       data     extern E:\3.46\pic18-lt\cxx-framework\src\traditional\proc\p18f4550.asm
                    TMR1L   0x000fce       data     extern E:\3.46\pic18-lt\cxx-framework\src\traditional\proc\p18f4550.asm
                    TMR1H   0x000fcf       data     extern E:\3.46\pic18-lt\cxx-framework\src\traditional\proc\p18f4550.asm
                     RCON   0x000fd0       data     extern E:\3.46\pic18-lt\cxx-framework\src\traditional\proc\p18f4550.asm
                 RCONbits   0x000fd0       data     extern E:\3.46\pic18-lt\cxx-framework\src\traditional\proc\p18f4550.asm
                   WDTCON   0x000fd1       data     extern E:\3.46\pic18-lt\cxx-framework\src\traditional\proc\p18f4550.asm
               WDTCONbits   0x000fd1       data     extern E:\3.46\pic18-lt\cxx-framework\src\traditional\proc\p18f4550.asm
                  HLVDCON   0x000fd2       data     extern E:\3.46\pic18-lt\cxx-framework\src\traditional\proc\p18f4550.asm
              HLVDCONbits   0x000fd2       data     extern E:\3.46\pic18-lt\cxx-framework\src\traditional\proc\p18f4550.asm
               LVDCONbits   0x000fd2       data     extern E:\3.46\pic18-lt\cxx-framework\src\traditional\proc\p18f4550.asm
                   LVDCON   0x000fd2       data     extern E:\3.46\pic18-lt\cxx-framework\src\traditional\proc\p18f4550.asm
               OSCCONbits   0x000fd3       data     extern E:\3.46\pic18-lt\cxx-framework\src\traditional\proc\p18f4550.asm
                   OSCCON   0x000fd3       data     extern E:\3.46\pic18-lt\cxx-framework\src\traditional\proc\p18f4550.asm
                    T0CON   0x000fd5       data     extern E:\3.46\pic18-lt\cxx-framework\src\traditional\proc\p18f4550.asm
                T0CONbits   0x000fd5       data     extern E:\3.46\pic18-lt\cxx-framework\src\traditional\proc\p18f4550.asm
                    TMR0L   0x000fd6       data     extern E:\3.46\pic18-lt\cxx-framework\src\traditional\proc\p18f4550.asm
                    TMR0H   0x000fd7       data     extern E:\3.46\pic18-lt\cxx-framework\src\traditional\proc\p18f4550.asm
               STATUSbits   0x000fd8       data     extern E:\3.46\pic18-lt\cxx-framework\src\traditional\proc\p18f4550.asm
                   STATUS   0x000fd8       data     extern E:\3.46\pic18-lt\cxx-framework\src\traditional\proc\p18f4550.asm
                    FSR2L   0x000fd9       data     extern E:\3.46\pic18-lt\cxx-framework\src\traditional\proc\p18f4550.asm
                     FSR2   0x000fd9       data     extern E:\3.46\pic18-lt\cxx-framework\src\traditional\proc\p18f4550.asm
                    FSR2H   0x000fda       data     extern E:\3.46\pic18-lt\cxx-framework\src\traditional\proc\p18f4550.asm
                   PLUSW2   0x000fdb       data     extern E:\3.46\pic18-lt\cxx-framework\src\traditional\proc\p18f4550.asm
                  PREINC2   0x000fdc       data     extern E:\3.46\pic18-lt\cxx-framework\src\traditional\proc\p18f4550.asm
                 POSTDEC2   0x000fdd       data     extern E:\3.46\pic18-lt\cxx-framework\src\traditional\proc\p18f4550.asm
                 POSTINC2   0x000fde       data     extern E:\3.46\pic18-lt\cxx-framework\src\traditional\proc\p18f4550.asm
                    INDF2   0x000fdf       data     extern E:\3.46\pic18-lt\cxx-framework\src\traditional\proc\p18f4550.asm
                      BSR   0x000fe0       data     extern E:\3.46\pic18-lt\cxx-framework\src\traditional\proc\p18f4550.asm
                     FSR1   0x000fe1       data     extern E:\3.46\pic18-lt\cxx-framework\src\traditional\proc\p18f4550.asm
                    FSR1L   0x000fe1       data     extern E:\3.46\pic18-lt\cxx-framework\src\traditional\proc\p18f4550.asm
                    FSR1H   0x000fe2       data     extern E:\3.46\pic18-lt\cxx-framework\src\traditional\proc\p18f4550.asm
                   PLUSW1   0x000fe3       data     extern E:\3.46\pic18-lt\cxx-framework\src\traditional\proc\p18f4550.asm
                  PREINC1   0x000fe4       data     extern E:\3.46\pic18-lt\cxx-framework\src\traditional\proc\p18f4550.asm
                 POSTDEC1   0x000fe5       data     extern E:\3.46\pic18-lt\cxx-framework\src\traditional\proc\p18f4550.asm
                 POSTINC1   0x000fe6       data     extern E:\3.46\pic18-lt\cxx-framework\src\traditional\proc\p18f4550.asm
                    INDF1   0x000fe7       data     extern E:\3.46\pic18-lt\cxx-framework\src\traditional\proc\p18f4550.asm
                     WREG   0x000fe8       data     extern E:\3.46\pic18-lt\cxx-framework\src\traditional\proc\p18f4550.asm
                    FSR0L   0x000fe9       data     extern E:\3.46\pic18-lt\cxx-framework\src\traditional\proc\p18f4550.asm
                     FSR0   0x000fe9       data     extern E:\3.46\pic18-lt\cxx-framework\src\traditional\proc\p18f4550.asm
                    FSR0H   0x000fea       data     extern E:\3.46\pic18-lt\cxx-framework\src\traditional\proc\p18f4550.asm
                   PLUSW0   0x000feb       data     extern E:\3.46\pic18-lt\cxx-framework\src\traditional\proc\p18f4550.asm
                  PREINC0   0x000fec       data     extern E:\3.46\pic18-lt\cxx-framework\src\traditional\proc\p18f4550.asm
                 POSTDEC0   0x000fed       data     extern E:\3.46\pic18-lt\cxx-framework\src\traditional\proc\p18f4550.asm
                 POSTINC0   0x000fee       data     extern E:\3.46\pic18-lt\cxx-framework\src\traditional\proc\p18f4550.asm
                    INDF0   0x000fef       data     extern E:\3.46\pic18-lt\cxx-framework\src\traditional\proc\p18f4550.asm
                  INTCON3   0x000ff0       data     extern E:\3.46\pic18-lt\cxx-framework\src\traditional\proc\p18f4550.asm
              INTCON3bits   0x000ff0       data     extern E:\3.46\pic18-lt\cxx-framework\src\traditional\proc\p18f4550.asm
              INTCON2bits   0x000ff1       data     extern E:\3.46\pic18-lt\cxx-framework\src\traditional\proc\p18f4550.asm
                  INTCON2   0x000ff1       data     extern E:\3.46\pic18-lt\cxx-framework\src\traditional\proc\p18f4550.asm
               INTCONbits   0x000ff2       data     extern E:\3.46\pic18-lt\cxx-framework\src\traditional\proc\p18f4550.asm
                   INTCON   0x000ff2       data     extern E:\3.46\pic18-lt\cxx-framework\src\traditional\proc\p18f4550.asm
                    PRODL   0x000ff3       data     extern E:\3.46\pic18-lt\cxx-framework\src\traditional\proc\p18f4550.asm
                     PROD   0x000ff3       data     extern E:\3.46\pic18-lt\cxx-framework\src\traditional\proc\p18f4550.asm
                    PRODH   0x000ff4       data     extern E:\3.46\pic18-lt\cxx-framework\src\traditional\proc\p18f4550.asm
                   TABLAT   0x000ff5       data     extern E:\3.46\pic18-lt\cxx-framework\src\traditional\proc\p18f4550.asm
                   TBLPTR   0x000ff6       data     extern E:\3.46\pic18-lt\cxx-framework\src\traditional\proc\p18f4550.asm
                  TBLPTRL   0x000ff6       data     extern E:\3.46\pic18-lt\cxx-framework\src\traditional\proc\p18f4550.asm
                  TBLPTRH   0x000ff7       data     extern E:\3.46\pic18-lt\cxx-framework\src\traditional\proc\p18f4550.asm
                  TBLPTRU   0x000ff8       data     extern E:\3.46\pic18-lt\cxx-framework\src\traditional\proc\p18f4550.asm
                      PCL   0x000ff9       data     extern E:\3.46\pic18-lt\cxx-framework\src\traditional\proc\p18f4550.asm
                       PC   0x000ff9       data     extern E:\3.46\pic18-lt\cxx-framework\src\traditional\proc\p18f4550.asm
                   PCLATH   0x000ffa       data     extern E:\3.46\pic18-lt\cxx-framework\src\traditional\proc\p18f4550.asm
                   PCLATU   0x000ffb       data     extern E:\3.46\pic18-lt\cxx-framework\src\traditional\proc\p18f4550.asm
               STKPTRbits   0x000ffc       data     extern E:\3.46\pic18-lt\cxx-framework\src\traditional\proc\p18f4550.asm
                   STKPTR   0x000ffc       data     extern E:\3.46\pic18-lt\cxx-framework\src\traditional\proc\p18f4550.asm
                     TOSL   0x000ffd       data     extern E:\3.46\pic18-lt\cxx-framework\src\traditional\proc\p18f4550.asm
                      TOS   0x000ffd       data     extern E:\3.46\pic18-lt\cxx-framework\src\traditional\proc\p18f4550.asm
                     TOSH   0x000ffe       data     extern E:\3.46\pic18-lt\cxx-framework\src\traditional\proc\p18f4550.asm
                     TOSU   0x000fff       data     extern E:\3.46\pic18-lt\cxx-framework\src\traditional\proc\p18f4550.asm


